Archive member included to satisfy reference by file (symbol)

c:/program files (x86)/embeddedide/gcc-arm-embedded/bin/../lib/gcc/arm-none-eabi/6.3.1/thumb/v7e-m/fpv4-sp/hard\libgcc.a(_aeabi_uldivmod.o)
                              out/libs/lpc_chip_43xx/src/i2s_18xx_43xx.o (__aeabi_uldivmod)
c:/program files (x86)/embeddedide/gcc-arm-embedded/bin/../lib/gcc/arm-none-eabi/6.3.1/thumb/v7e-m/fpv4-sp/hard\libgcc.a(_udivmoddi4.o)
                              c:/program files (x86)/embeddedide/gcc-arm-embedded/bin/../lib/gcc/arm-none-eabi/6.3.1/thumb/v7e-m/fpv4-sp/hard\libgcc.a(_aeabi_uldivmod.o) (__udivmoddi4)
c:/program files (x86)/embeddedide/gcc-arm-embedded/bin/../lib/gcc/arm-none-eabi/6.3.1/thumb/v7e-m/fpv4-sp/hard\libgcc.a(_dvmd_tls.o)
                              c:/program files (x86)/embeddedide/gcc-arm-embedded/bin/../lib/gcc/arm-none-eabi/6.3.1/thumb/v7e-m/fpv4-sp/hard\libgcc.a(_aeabi_uldivmod.o) (__aeabi_ldiv0)
c:/program files (x86)/embeddedide/gcc-arm-embedded/bin/../lib/gcc/arm-none-eabi/6.3.1/../../../../arm-none-eabi/lib/thumb/v7e-m/fpv4-sp/hard\libc_nano.a(lib_a-memcpy-stub.o)
                              out/libs/lpc_chip_43xx/src/ring_buffer.o (memcpy)
c:/program files (x86)/embeddedide/gcc-arm-embedded/bin/../lib/gcc/arm-none-eabi/6.3.1/../../../../arm-none-eabi/lib/thumb/v7e-m/fpv4-sp/hard\libc_nano.a(lib_a-memset.o)
                              out/libs/lpc_chip_43xx/src/clock_18xx_43xx.o (memset)

Allocating common symbols
Common symbol       size              file

estadoActual        0x1               out/app/src/program.o
SystemCoreClock     0x4               out/libs/lpc_chip_43xx/src/chip_18xx_43xx.o
tickCounter         0x8               out/libs/sapi/src/sapi_tick.o
tickRateMS          0x8               out/libs/sapi/src/sapi_tick.o

Discarded input sections

 .group         0x00000000        0x8 out/app/src/program.o
 .group         0x00000000        0x8 out/app/src/program.o
 .group         0x00000000        0x8 out/app/src/program.o
 .group         0x00000000        0x8 out/app/src/program.o
 .group         0x00000000        0x8 out/app/src/program.o
 .group         0x00000000        0x8 out/app/src/program.o
 .group         0x00000000        0x8 out/app/src/program.o
 .group         0x00000000        0x8 out/app/src/program.o
 .group         0x00000000        0x8 out/app/src/program.o
 .group         0x00000000        0x8 out/app/src/program.o
 .group         0x00000000        0x8 out/app/src/program.o
 .group         0x00000000        0x8 out/app/src/program.o
 .group         0x00000000        0x8 out/app/src/program.o
 .group         0x00000000        0x8 out/app/src/program.o
 .group         0x00000000        0x8 out/app/src/program.o
 .group         0x00000000        0x8 out/app/src/program.o
 .group         0x00000000        0x8 out/app/src/program.o
 .group         0x00000000        0x8 out/app/src/program.o
 .group         0x00000000        0x8 out/app/src/program.o
 .group         0x00000000        0x8 out/app/src/program.o
 .group         0x00000000        0x8 out/app/src/program.o
 .group         0x00000000        0x8 out/app/src/program.o
 .group         0x00000000        0x8 out/app/src/program.o
 .group         0x00000000        0x8 out/app/src/program.o
 .group         0x00000000        0x8 out/app/src/program.o
 .group         0x00000000        0x8 out/app/src/program.o
 .group         0x00000000        0x8 out/app/src/program.o
 .group         0x00000000        0x8 out/app/src/program.o
 .group         0x00000000        0x8 out/app/src/program.o
 .group         0x00000000        0x8 out/app/src/program.o
 .group         0x00000000        0x8 out/app/src/program.o
 .group         0x00000000        0x8 out/app/src/program.o
 .group         0x00000000        0x8 out/app/src/program.o
 .group         0x00000000        0x8 out/app/src/program.o
 .group         0x00000000        0x8 out/app/src/program.o
 .group         0x00000000        0x8 out/app/src/program.o
 .group         0x00000000        0x8 out/app/src/program.o
 .group         0x00000000        0x8 out/app/src/program.o
 .group         0x00000000        0x8 out/app/src/program.o
 .group         0x00000000        0x8 out/app/src/program.o
 .group         0x00000000        0x8 out/app/src/program.o
 .group         0x00000000        0x8 out/app/src/program.o
 .group         0x00000000        0x8 out/app/src/program.o
 .group         0x00000000        0x8 out/app/src/program.o
 .group         0x00000000        0x8 out/app/src/program.o
 .group         0x00000000        0x8 out/app/src/program.o
 .group         0x00000000        0x8 out/app/src/program.o
 .group         0x00000000        0x8 out/app/src/program.o
 .group         0x00000000        0x8 out/app/src/program.o
 .group         0x00000000        0x8 out/app/src/program.o
 .group         0x00000000        0x8 out/app/src/program.o
 .group         0x00000000        0x8 out/app/src/program.o
[...]
Memory Configuration

Name             Origin             Length             Attributes
MFlashA512       0x1a000000         0x00080000         xr
MFlashB512       0x1b000000         0x00080000         xr
RamLoc32         0x10000000         0x00008000         xrw
RamLoc40         0x10080000         0x0000a000         xrw
RamAHB32         0x20000000         0x00008000         xrw
RamAHB16         0x20008000         0x00004000         xrw
RamAHB_ETB16     0x2000c000         0x00004000         xrw
*default*        0x00000000         0xffffffff

Linker script and memory map

LOAD out/app/src/program.o
LOAD out/libs/lpc_chip_43xx/src/adc_18xx_43xx.o
LOAD out/libs/lpc_chip_43xx/src/aes_18xx_43xx.o
LOAD out/libs/lpc_chip_43xx/src/atimer_18xx_43xx.o
LOAD out/libs/lpc_chip_43xx/src/ccan_18xx_43xx.o
LOAD out/libs/lpc_chip_43xx/src/chip_18xx_43xx.o
LOAD out/libs/lpc_chip_43xx/src/clock_18xx_43xx.o
LOAD out/libs/lpc_chip_43xx/src/dac_18xx_43xx.o
LOAD out/libs/lpc_chip_43xx/src/eeprom_18xx_43xx.o
LOAD out/libs/lpc_chip_43xx/src/emc_18xx_43xx.o
LOAD out/libs/lpc_chip_43xx/src/enet_18xx_43xx.o
LOAD out/libs/lpc_chip_43xx/src/evrt_18xx_43xx.o
LOAD out/libs/lpc_chip_43xx/src/fpu_init.o
LOAD out/libs/lpc_chip_43xx/src/gpdma_18xx_43xx.o
LOAD out/libs/lpc_chip_43xx/src/gpio_18xx_43xx.o
LOAD out/libs/lpc_chip_43xx/src/gpiogroup_18xx_43xx.o
LOAD out/libs/lpc_chip_43xx/src/hsadc_18xx_43xx.o
LOAD out/libs/lpc_chip_43xx/src/i2c_18xx_43xx.o
LOAD out/libs/lpc_chip_43xx/src/i2cm_18xx_43xx.o
LOAD out/libs/lpc_chip_43xx/src/i2s_18xx_43xx.o
LOAD out/libs/lpc_chip_43xx/src/iap_18xx_43xx.o
LOAD out/libs/lpc_chip_43xx/src/lcd_18xx_43xx.o
LOAD out/libs/lpc_chip_43xx/src/otp_18xx_43xx.o
LOAD out/libs/lpc_chip_43xx/src/pinint_18xx_43xx.o
LOAD out/libs/lpc_chip_43xx/src/pmc_18xx_43xx.o
LOAD out/libs/lpc_chip_43xx/src/ring_buffer.o
LOAD out/libs/lpc_chip_43xx/src/ritimer_18xx_43xx.o
LOAD out/libs/lpc_chip_43xx/src/rtc_18xx_43xx.o
LOAD out/libs/lpc_chip_43xx/src/sct_18xx_43xx.o
LOAD out/libs/lpc_chip_43xx/src/sct_pwm_18xx_43xx.o
LOAD out/libs/lpc_chip_43xx/src/sdif_18xx_43xx.o
LOAD out/libs/lpc_chip_43xx/src/sdio_18xx_43xx.o
LOAD out/libs/lpc_chip_43xx/src/sdmmc_18xx_43xx.o
LOAD out/libs/lpc_chip_43xx/src/spi_18xx_43xx.o
LOAD out/libs/lpc_chip_43xx/src/ssp_18xx_43xx.o
LOAD out/libs/lpc_chip_43xx/src/stopwatch_18xx_43xx.o
LOAD out/libs/lpc_chip_43xx/src/sysinit_18xx_43xx.o
LOAD out/libs/lpc_chip_43xx/src/timer_18xx_43xx.o
LOAD out/libs/lpc_chip_43xx/src/uart_18xx_43xx.o
LOAD out/libs/lpc_chip_43xx/src/wwdt_18xx_43xx.o
LOAD out/libs/lpc_board_ciaa_edu_4337/src/board.o
LOAD out/libs/lpc_board_ciaa_edu_4337/src/board_sysinit.o
LOAD out/libs/lpc_board_ciaa_edu_4337/src/cr_startup_lpc43xx.o
LOAD out/libs/lpc_board_ciaa_edu_4337/src/crp.o
LOAD out/libs/lpc_board_ciaa_edu_4337/src/sysinit.o
LOAD out/libs/lpc_board_ciaa_edu_4337/src/system.o
LOAD out/libs/sapi/src/sapi_7_segment_display.o
LOAD out/libs/sapi/src/sapi_adc.o
LOAD out/libs/sapi/src/sapi_board.o
LOAD out/libs/sapi/src/sapi_dac.o
LOAD out/libs/sapi/src/sapi_datatypes.o
LOAD out/libs/sapi/src/sapi_delay.o
LOAD out/libs/sapi/src/sapi_gpio.o
LOAD out/libs/sapi/src/sapi_hmc5883l.o
LOAD out/libs/sapi/src/sapi_i2c.o
LOAD out/libs/sapi/src/sapi_keypad.o
LOAD out/libs/sapi/src/sapi_pwm.o
LOAD out/libs/sapi/src/sapi_rtc.o
LOAD out/libs/sapi/src/sapi_sct.o
LOAD out/libs/sapi/src/sapi_servo.o
LOAD out/libs/sapi/src/sapi_sleep.o
LOAD out/libs/sapi/src/sapi_spi.o
LOAD out/libs/sapi/src/sapi_tick.o
LOAD out/libs/sapi/src/sapi_timer.o
LOAD out/libs/sapi/src/sapi_uart.o
START GROUP
LOAD c:/program files (x86)/embeddedide/gcc-arm-embedded/bin/../lib/gcc/arm-none-eabi/6.3.1/thumb/v7e-m/fpv4-sp/hard\libgcc.a
LOAD c:/program files (x86)/embeddedide/gcc-arm-embedded/bin/../lib/gcc/arm-none-eabi/6.3.1/../../../../arm-none-eabi/lib/thumb/v7e-m/fpv4-sp/hard\libc_nano.a
END GROUP
START GROUP
LOAD c:/program files (x86)/embeddedide/gcc-arm-embedded/bin/../lib/gcc/arm-none-eabi/6.3.1/thumb/v7e-m/fpv4-sp/hard\libgcc.a
LOAD c:/program files (x86)/embeddedide/gcc-arm-embedded/bin/../lib/gcc/arm-none-eabi/6.3.1/../../../../arm-none-eabi/lib/thumb/v7e-m/fpv4-sp/hard\libc_nano.a
END GROUP
START GROUP
LOAD c:/program files (x86)/embeddedide/gcc-arm-embedded/bin/../lib/gcc/arm-none-eabi/6.3.1/thumb/v7e-m/fpv4-sp/hard\libgcc.a
LOAD c:/program files (x86)/embeddedide/gcc-arm-embedded/bin/../lib/gcc/arm-none-eabi/6.3.1/../../../../arm-none-eabi/lib/thumb/v7e-m/fpv4-sp/hard\libc.a
LOAD c:/program files (x86)/embeddedide/gcc-arm-embedded/bin/../lib/gcc/arm-none-eabi/6.3.1/../../../../arm-none-eabi/lib/thumb/v7e-m/fpv4-sp/hard\libm.a
END GROUP
                0x1a080000                __top_MFlashA512 = 0x1a080000
                0x1b080000                __top_MFlashB512 = 0x1b080000
                0x10008000                __top_RamLoc32 = 0x10008000
                0x1008a000                __top_RamLoc40 = 0x1008a000
                0x20008000                __top_RamAHB32 = 0x20008000
                0x2000c000                __top_RamAHB16 = 0x2000c000
                0x20010000                __top_RamAHB_ETB16 = 0x20010000

.text_Flash2    0x1b000000        0x0
 FILL mask 0xff
 *(.text_Flash2*)
 *(.text_MFlashB512*)
 *(.text.$Flash2*)
 *(.text.$MFlashB512*)
 *(.rodata.$Flash2*)
 *(.rodata.$MFlashB512*)

.text           0x1a000000     0x1c68
 FILL mask 0xff
                0x1a000000                __vectors_start__ = ABSOLUTE (.)
 *(.isr_vector)
 .isr_vector    0x1a000000      0x114 out/libs/lpc_board_ciaa_edu_4337/src/cr_startup_lpc43xx.o
                0x1a000000                g_pfnVectors
                0x1a000114                . = ALIGN (0x4)
                0x1a000114                __section_table_start = .
                0x1a000114                __data_section_table = .
                0x1a000114        0x4 LONG 0x1a001c70 LOADADDR (.data)
                0x1a000118        0x4 LONG 0x10000000 ADDR (.data)
                0x1a00011c        0x4 LONG 0x90 SIZEOF (.data)
                0x1a000120        0x4 LONG 0x1a001c70 LOADADDR (.data_RAM2)
                0x1a000124        0x4 LONG 0x10080000 ADDR (.data_RAM2)
                0x1a000128        0x4 LONG 0x0 SIZEOF (.data_RAM2)
                0x1a00012c        0x4 LONG 0x1a001c70 LOADADDR (.data_RAM3)
                0x1a000130        0x4 LONG 0x20000000 ADDR (.data_RAM3)
                0x1a000134        0x4 LONG 0x0 SIZEOF (.data_RAM3)
                0x1a000138        0x4 LONG 0x1a001c70 LOADADDR (.data_RAM4)
                0x1a00013c        0x4 LONG 0x20008000 ADDR (.data_RAM4)
                0x1a000140        0x4 LONG 0x0 SIZEOF (.data_RAM4)
                0x1a000144        0x4 LONG 0x1a001c70 LOADADDR (.data_RAM5)
                0x1a000148        0x4 LONG 0x2000c000 ADDR (.data_RAM5)
                0x1a00014c        0x4 LONG 0x0 SIZEOF (.data_RAM5)
                0x1a000150                __data_section_table_end = .
                0x1a000150                __bss_section_table = .
                0x1a000150        0x4 LONG 0x10000090 ADDR (.bss)
                0x1a000154        0x4 LONG 0x28 SIZEOF (.bss)
                0x1a000158        0x4 LONG 0x10080000 ADDR (.bss_RAM2)
                0x1a00015c        0x4 LONG 0x0 SIZEOF (.bss_RAM2)
                0x1a000160        0x4 LONG 0x20000000 ADDR (.bss_RAM3)
                0x1a000164        0x4 LONG 0x0 SIZEOF (.bss_RAM3)
                0x1a000168        0x4 LONG 0x20008000 ADDR (.bss_RAM4)
                0x1a00016c        0x4 LONG 0x0 SIZEOF (.bss_RAM4)
                0x1a000170        0x4 LONG 0x2000c000 ADDR (.bss_RAM5)
                0x1a000174        0x4 LONG 0x0 SIZEOF (.bss_RAM5)
                0x1a000178                __bss_section_table_end = .
                0x1a000178                __section_table_end = .
 *(.after_vectors*)
 .after_vectors
                0x1a000178       0x44 out/libs/lpc_board_ciaa_edu_4337/src/cr_startup_lpc43xx.o
                0x1a000178                NMI_Handler
                0x1a00017a                HardFault_Handler
                0x1a00017c                MemManage_Handler
                0x1a00017e                BusFault_Handler
                0x1a000180                UsageFault_Handler
                0x1a000182                SVC_Handler
                0x1a000184                DebugMon_Handler
                0x1a000186                PendSV_Handler
                0x1a00018a                ATIMER_IRQHandler
                0x1a00018a                SDIO_IRQHandler
                0x1a00018a                I2C1_IRQHandler
                0x1a00018a                UART1_IRQHandler
                0x1a00018a                GPIO5_IRQHandler
                0x1a00018a                CAN1_IRQHandler
                0x1a00018a                USB1_IRQHandler
                0x1a00018a                I2S0_IRQHandler
                0x1a00018a                GINT1_IRQHandler
                0x1a00018a                SGPIO_IRQHandler
                0x1a00018a                ADC0_IRQHandler
                0x1a00018a                I2C0_IRQHandler
                0x1a00018a                GPIO6_IRQHandler
                0x1a00018a                IntDefaultHandler
                0x1a00018a                GPIO1_IRQHandler
                0x1a00018a                SSP0_IRQHandler
                0x1a00018a                ADC1_IRQHandler
                0x1a00018a                FLASH_EEPROM_IRQHandler
                0x1a00018a                SPI_IRQHandler
                0x1a00018a                LCD_IRQHandler
                0x1a00018a                M0APP_IRQHandler
                0x1a00018a                GPIO2_IRQHandler
                0x1a00018a                I2S1_IRQHandler
                0x1a00018a                SSP1_IRQHandler
                0x1a00018a                USB0_IRQHandler
                0x1a00018a                GPIO3_IRQHandler
                0x1a00018a                SCT_IRQHandler
                0x1a00018a                ADCHS_IRQHandler
                0x1a00018a                WDT_IRQHandler
                0x1a00018a                RIT_IRQHandler
                0x1a00018a                GPIO7_IRQHandler
                0x1a00018a                SPIFI_IRQHandler
                0x1a00018a                QEI_IRQHandler
                0x1a00018a                ETH_IRQHandler
                0x1a00018a                CAN0_IRQHandler
                0x1a00018a                GINT0_IRQHandler
                0x1a00018a                DAC_IRQHandler
                0x1a00018a                M0SUB_IRQHandler
                0x1a00018a                GPIO0_IRQHandler
                0x1a00018a                DMA_IRQHandler
                0x1a00018a                EVRT_IRQHandler
                0x1a00018a                RTC_IRQHandler
                0x1a00018a                MCPWM_IRQHandler
                0x1a00018a                GPIO4_IRQHandler
                0x1a00018c                data_init
                0x1a0001aa                bss_init
 .after_vectors
                0x1a0001bc        0x2 out/libs/sapi/src/sapi_uart.o
                0x1a0001bc                UART0_IRQHandler
                0x000002fc                . = 0x2fc
 *fill*         0x1a0001be      0x13e ff
                0x1a0002fc                PROVIDE (__CRP_WORD_START__, .)
 *(.crp)
 .crp           0x1a0002fc        0x4 out/libs/lpc_board_ciaa_edu_4337/src/crp.o
                0x1a0002fc                CRP_WORD
                0x1a000300                PROVIDE (__CRP_WORD_END__, .)
                0x00000001                ASSERT (! ((__CRP_WORD_START__ == __CRP_WORD_END__)), Linker CRP Enabled, but no CRP_WORD provided within application)
 *(.text*)
 .text.ascensorMoviendose
                0x1a000300       0x1c out/app/src/program.o
                0x1a000300                ascensorMoviendose
 .text.puertaAbriendose
                0x1a00031c       0x1c out/app/src/program.o
                0x1a00031c                puertaAbriendose
 .text.puertaCerrandose
                0x1a000338       0x1c out/app/src/program.o
                0x1a000338                puertaCerrandose
 .text.InicializarMEF
                0x1a000354        0xc out/app/src/program.o
                0x1a000354                InicializarMEF
 .text.ActualizarMEF
                0x1a000360      0x138 out/app/src/program.o
                0x1a000360                ActualizarMEF
 .text.display7SegmentWrite_
                0x1a000498       0x30 out/app/src/program.o
                0x1a000498                display7SegmentWrite_
 .text.display7SegmentPinConfig_
                0x1a0004c8       0x4c out/app/src/program.o
                0x1a0004c8                display7SegmentPinConfig_
 .text.configurarTecladoMatricial
                0x1a000514       0x38 out/app/src/program.o
                0x1a000514                configurarTecladoMatricial
 .text.leerTecladoMatricial
                0x1a00054c       0x9c out/app/src/program.o
                0x1a00054c                leerTecladoMatricial
 .text.main     0x1a0005e8      0x124 out/app/src/program.o
                0x1a0005e8                main
 .text.SystemCoreClockUpdate
                0x1a00070c       0x14 out/libs/lpc_chip_43xx/src/chip_18xx_43xx.o
                0x1a00070c                SystemCoreClockUpdate
 .text.pll_calc_divs
                0x1a000720       0xa0 out/libs/lpc_chip_43xx/src/clock_18xx_43xx.o
 .text.pll_get_frac
                0x1a0007c0      0x100 out/libs/lpc_chip_43xx/src/clock_18xx_43xx.o
 .text.Chip_Clock_FindBaseClock
                0x1a0008c0       0x4c out/libs/lpc_chip_43xx/src/clock_18xx_43xx.o
 .text.Chip_Clock_EnableCrystal
                0x1a00090c       0x4c out/libs/lpc_chip_43xx/src/clock_18xx_43xx.o
                0x1a00090c                Chip_Clock_EnableCrystal
 .text.Chip_Clock_GetDividerSource
                0x1a000958       0x1c out/libs/lpc_chip_43xx/src/clock_18xx_43xx.o
                0x1a000958                Chip_Clock_GetDividerSource
 .text.Chip_Clock_GetDividerDivisor
                0x1a000974       0x1c out/libs/lpc_chip_43xx/src/clock_18xx_43xx.o
                0x1a000974                Chip_Clock_GetDividerDivisor
 .text.Chip_Clock_GetClockInputHz
                0x1a000990       0xb8 out/libs/lpc_chip_43xx/src/clock_18xx_43xx.o
                0x1a000990                Chip_Clock_GetClockInputHz
 .text.Chip_Clock_CalcMainPLLValue
                0x1a000a48       0x80 out/libs/lpc_chip_43xx/src/clock_18xx_43xx.o
                0x1a000a48                Chip_Clock_CalcMainPLLValue
 .text.Chip_Clock_GetMainPLLHz
                0x1a000ac8       0x6c out/libs/lpc_chip_43xx/src/clock_18xx_43xx.o
                0x1a000ac8                Chip_Clock_GetMainPLLHz
 .text.Chip_Clock_GetDivRate
                0x1a000b34       0x22 out/libs/lpc_chip_43xx/src/clock_18xx_43xx.o
 *fill*         0x1a000b56        0x2 ff
 .text.Chip_Clock_SetBaseClock
                0x1a000b58       0x58 out/libs/lpc_chip_43xx/src/clock_18xx_43xx.o
                0x1a000b58                Chip_Clock_SetBaseClock
 .text.Chip_Clock_GetBaseClock
                0x1a000bb0       0x26 out/libs/lpc_chip_43xx/src/clock_18xx_43xx.o
                0x1a000bb0                Chip_Clock_GetBaseClock
 .text.Chip_Clock_GetBaseClocktHz
                0x1a000bd6        0xc out/libs/lpc_chip_43xx/src/clock_18xx_43xx.o
                0x1a000bd6                Chip_Clock_GetBaseClocktHz
 *fill*         0x1a000be2        0x2 ff
 .text.Chip_Clock_EnableOpts
                0x1a000be4       0x3c out/libs/lpc_chip_43xx/src/clock_18xx_43xx.o
                0x1a000be4                Chip_Clock_EnableOpts
 .text.Chip_Clock_GetRate
                0x1a000c20       0x4c out/libs/lpc_chip_43xx/src/clock_18xx_43xx.o
                0x1a000c20                Chip_Clock_GetRate
 .text.fpuInit  0x1a000c6c       0x54 out/libs/lpc_chip_43xx/src/fpu_init.o
                0x1a000c6c                fpuInit
 .text.Chip_GPIO_Init
                0x1a000cc0        0x2 out/libs/lpc_chip_43xx/src/gpio_18xx_43xx.o
                0x1a000cc0                Chip_GPIO_Init
 .text.Chip_GPIO_SetDir
                0x1a000cc2       0x24 out/libs/lpc_chip_43xx/src/gpio_18xx_43xx.o
                0x1a000cc2                Chip_GPIO_SetDir
 *fill*         0x1a000ce6        0x2 ff
 .text.Chip_SetupCoreClock
                0x1a000ce8      0x158 out/libs/lpc_chip_43xx/src/sysinit_18xx_43xx.o
                0x1a000ce8                Chip_SetupCoreClock
 .text.Chip_UART_GetIndex
                0x1a000e40       0x2c out/libs/lpc_chip_43xx/src/uart_18xx_43xx.o
 .text.Chip_UART_Init
                0x1a000e6c       0x54 out/libs/lpc_chip_43xx/src/uart_18xx_43xx.o
                0x1a000e6c                Chip_UART_Init
 .text.Chip_UART_SetBaudFDR
                0x1a000ec0       0xe8 out/libs/lpc_chip_43xx/src/uart_18xx_43xx.o
                0x1a000ec0                Chip_UART_SetBaudFDR
 .text.Board_LED_Init
                0x1a000fa8       0x44 out/libs/lpc_board_ciaa_edu_4337/src/board.o
 .text.Board_UART_Init
                0x1a000fec       0x14 out/libs/lpc_board_ciaa_edu_4337/src/board.o
                0x1a000fec                Board_UART_Init
 .text.Board_Debug_Init
                0x1a001000       0x28 out/libs/lpc_board_ciaa_edu_4337/src/board.o
                0x1a001000                Board_Debug_Init
 .text.Board_Init
                0x1a001028       0x28 out/libs/lpc_board_ciaa_edu_4337/src/board.o
                0x1a001028                Board_Init
 .text.Board_SetupMuxing
                0x1a001050       0x38 out/libs/lpc_board_ciaa_edu_4337/src/board_sysinit.o
                0x1a001050                Board_SetupMuxing
 .text.Board_SetupClocking
                0x1a001088       0x6c out/libs/lpc_board_ciaa_edu_4337/src/board_sysinit.o
                0x1a001088                Board_SetupClocking
 .text.Board_SystemInit
                0x1a0010f4        0xc out/libs/lpc_board_ciaa_edu_4337/src/board_sysinit.o
                0x1a0010f4                Board_SystemInit
 .text.ResetISR
                0x1a001100       0x7c out/libs/lpc_board_ciaa_edu_4337/src/cr_startup_lpc43xx.o
                0x1a001100                ResetISR
 .text.SystemInit
                0x1a00117c        0xc out/libs/lpc_board_ciaa_edu_4337/src/sysinit.o
                0x1a00117c                SystemInit
 .text.boardConfig
                0x1a001188       0xee out/libs/sapi/src/sapi_board.o
                0x1a001188                boardConfig
 .text.sAPI_NullFuncPtr
                0x1a001276        0x4 out/libs/sapi/src/sapi_datatypes.o
                0x1a001276                sAPI_NullFuncPtr
 *fill*         0x1a00127a        0x2 ff
 .text.delay    0x1a00127c       0x38 out/libs/sapi/src/sapi_delay.o
                0x1a00127c                delay
 .text.gpioObtainPinConfig
                0x1a0012b4       0x34 out/libs/sapi/src/sapi_gpio.o
 .text.gpioConfig
                0x1a0012e8      0x174 out/libs/sapi/src/sapi_gpio.o
                0x1a0012e8                gpioConfig
 .text.gpioWrite
                0x1a00145c       0x56 out/libs/sapi/src/sapi_gpio.o
                0x1a00145c                gpioWrite
 .text.gpioRead
                0x1a0014b2       0x54 out/libs/sapi/src/sapi_gpio.o
                0x1a0014b2                gpioRead
 *fill*         0x1a001506        0x2 ff
 .text.tickConfig
                0x1a001508       0x78 out/libs/sapi/src/sapi_tick.o
                0x1a001508                tickConfig
 .text.tickRead
                0x1a001580        0xc out/libs/sapi/src/sapi_tick.o
                0x1a001580                tickRead
 .text.SysTick_Handler
                0x1a00158c       0x24 out/libs/sapi/src/sapi_tick.o
                0x1a00158c                SysTick_Handler
 .text.errorOcurred
                0x1a0015b0        0x2 out/libs/sapi/src/sapi_timer.o
 .text.doNothing
                0x1a0015b2        0x2 out/libs/sapi/src/sapi_timer.o
 .text.TIMER0_IRQHandler
                0x1a0015b4       0x40 out/libs/sapi/src/sapi_timer.o
                0x1a0015b4                TIMER0_IRQHandler
 .text.TIMER1_IRQHandler
                0x1a0015f4       0x40 out/libs/sapi/src/sapi_timer.o
                0x1a0015f4                TIMER1_IRQHandler
 .text.TIMER2_IRQHandler
                0x1a001634       0x44 out/libs/sapi/src/sapi_timer.o
                0x1a001634                TIMER2_IRQHandler
 .text.TIMER3_IRQHandler
                0x1a001678       0x44 out/libs/sapi/src/sapi_timer.o
                0x1a001678                TIMER3_IRQHandler
 .text.UART2_IRQHandler
                0x1a0016bc        0x2 out/libs/sapi/src/sapi_uart.o
                0x1a0016bc                UART2_IRQHandler
 .text.UART3_IRQHandler
                0x1a0016be        0x2 out/libs/sapi/src/sapi_uart.o
                0x1a0016be                UART3_IRQHandler
 .text          0x1a0016c0       0x30 c:/program files (x86)/embeddedide/gcc-arm-embedded/bin/../lib/gcc/arm-none-eabi/6.3.1/thumb/v7e-m/fpv4-sp/hard\libgcc.a(_aeabi_uldivmod.o)
                0x1a0016c0                __aeabi_uldivmod
 .text          0x1a0016f0      0x2dc c:/program files (x86)/embeddedide/gcc-arm-embedded/bin/../lib/gcc/arm-none-eabi/6.3.1/thumb/v7e-m/fpv4-sp/hard\libgcc.a(_udivmoddi4.o)
                0x1a0016f0                __udivmoddi4
 .text          0x1a0019cc        0x4 c:/program files (x86)/embeddedide/gcc-arm-embedded/bin/../lib/gcc/arm-none-eabi/6.3.1/thumb/v7e-m/fpv4-sp/hard\libgcc.a(_dvmd_tls.o)
                0x1a0019cc                __aeabi_idiv0
                0x1a0019cc                __aeabi_ldiv0
 .text.memset   0x1a0019d0       0x10 c:/program files (x86)/embeddedide/gcc-arm-embedded/bin/../lib/gcc/arm-none-eabi/6.3.1/../../../../arm-none-eabi/lib/thumb/v7e-m/fpv4-sp/hard\libc_nano.a(lib_a-memset.o)
                0x1a0019d0                memset
 *(.rodata .rodata.* .constdata .constdata.*)
 .rodata        0x1a0019e0        0x4 out/libs/lpc_chip_43xx/src/clock_18xx_43xx.o
 .rodata.Chip_Clock_SetDivider.str1.4
                0x1a0019e4        0x8 out/libs/lpc_chip_43xx/src/clock_18xx_43xx.o
                                  0x6 (size before relaxing)
 .rodata.periph_to_base
                0x1a0019ec       0x6c out/libs/lpc_chip_43xx/src/clock_18xx_43xx.o
 .rodata.InitClkStates
                0x1a001a58       0x48 out/libs/lpc_chip_43xx/src/sysinit_18xx_43xx.o
 .rodata.UART_BClock
                0x1a001aa0        0x8 out/libs/lpc_chip_43xx/src/uart_18xx_43xx.o
 .rodata.UART_PClock
                0x1a001aa8        0x8 out/libs/lpc_chip_43xx/src/uart_18xx_43xx.o
 .rodata.ExtRateIn
                0x1a001ab0        0x4 out/libs/lpc_board_ciaa_edu_4337/src/board.o
                0x1a001ab0                ExtRateIn
 .rodata.OscRateIn
                0x1a001ab4        0x4 out/libs/lpc_board_ciaa_edu_4337/src/board.o
                0x1a001ab4                OscRateIn
 .rodata.gpioLEDBits
                0x1a001ab8        0xc out/libs/lpc_board_ciaa_edu_4337/src/board.o
 .rodata.InitClkStates
                0x1a001ac4        0xc out/libs/lpc_board_ciaa_edu_4337/src/board_sysinit.o
 .rodata.pinmuxing
                0x1a001ad0       0x60 out/libs/lpc_board_ciaa_edu_4337/src/board_sysinit.o
 .rodata.gpioPinsConfig
                0x1a001b30      0x136 out/libs/sapi/src/sapi_gpio.o
                0x1a001b30                gpioPinsConfig
                0x1a001c68                . = ALIGN (0x4)
 *fill*         0x1a001c66        0x2 ff

.glue_7         0x1a001c68        0x0
 .glue_7        0x1a001c68        0x0 linker stubs

.glue_7t        0x1a001c68        0x0
 .glue_7t       0x1a001c68        0x0 linker stubs

.vfp11_veneer   0x1a001c68        0x0
 .vfp11_veneer  0x1a001c68        0x0 linker stubs

.v4_bx          0x1a001c68        0x0
 .v4_bx         0x1a001c68        0x0 linker stubs

.iplt           0x1a001c68        0x0
 .iplt          0x1a001c68        0x0 out/app/src/program.o

.ARM.extab
 *(.ARM.extab* .gnu.linkonce.armextab.*)
                0x1a001c68                __exidx_start = .

.ARM.exidx      0x1a001c68        0x8
 *(.ARM.exidx* .gnu.linkonce.armexidx.*)
 .ARM.exidx     0x1a001c68        0x8 c:/program files (x86)/embeddedide/gcc-arm-embedded/bin/../lib/gcc/arm-none-eabi/6.3.1/thumb/v7e-m/fpv4-sp/hard\libgcc.a(_udivmoddi4.o)
                0x1a001c70                __exidx_end = .
                0x1a001c70                _etext = .

.rel.dyn        0x1a001c70        0x0
 .rel.iplt      0x1a001c70        0x0 out/app/src/program.o

.data_RAM2      0x10080000        0x0 load address 0x1a001c70
 FILL mask 0xff
 *(.ramfunc.$RAM2)
 *(.ramfunc.$RamLoc40)
 *(.data.$RAM2*)
 *(.data.$RamLoc40*)
                0x10080000                . = ALIGN (0x4)

.data_RAM3      0x20000000        0x0 load address 0x1a001c70
 FILL mask 0xff
 *(.ramfunc.$RAM3)
 *(.ramfunc.$RamAHB32)
 *(.data.$RAM3*)
 *(.data.$RamAHB32*)
                0x20000000                . = ALIGN (0x4)

.data_RAM4      0x20008000        0x0 load address 0x1a001c70
 FILL mask 0xff
 *(.ramfunc.$RAM4)
 *(.ramfunc.$RamAHB16)
 *(.data.$RAM4*)
 *(.data.$RamAHB16*)
                0x20008000                . = ALIGN (0x4)

.data_RAM5      0x2000c000        0x0 load address 0x1a001c70
 FILL mask 0xff
 *(.ramfunc.$RAM5)
 *(.ramfunc.$RamAHB_ETB16)
 *(.data.$RAM5*)
 *(.data.$RamAHB_ETB16*)
                0x2000c000                . = ALIGN (0x4)

.uninit_RESERVED
                0x10000000        0x0
 *(.bss.$RESERVED*)
                0x10000000                . = ALIGN (0x4)
                0x10000000                _end_uninit_RESERVED = .

.data           0x10000000       0x90 load address 0x1a001c70
 FILL mask 0xff
                0x10000000                _data = .
 *(vtable)
 *(.ramfunc*)
 *(.data*)
 .data.display7SegmentOutputs_
                0x10000000       0x19 out/app/src/program.o
                0x10000000                display7SegmentOutputs_
 *fill*         0x10000019        0x3 ff
 .data.display7SegmentPins_
                0x1000001c        0x8 out/app/src/program.o
                0x1000001c                display7SegmentPins_
 .data.keypadColPins
                0x10000024        0x4 out/app/src/program.o
                0x10000024                keypadColPins
 .data.keypadKeys
                0x10000028       0x20 out/app/src/program.o
                0x10000028                keypadKeys
 .data.keypadRowPins
                0x10000048        0x4 out/app/src/program.o
                0x10000048                keypadRowPins
 .data.tickHookFunction
                0x1000004c        0x4 out/libs/sapi/src/sapi_tick.o
                0x1000004c                tickHookFunction
 .data.timer_dd
                0x10000050       0x40 out/libs/sapi/src/sapi_timer.o
                0x10000090                . = ALIGN (0x4)
                0x10000090                _edata = .

.igot.plt       0x10000090        0x0 load address 0x1a001d00
 .igot.plt      0x10000090        0x0 out/app/src/program.o

.bss_RAM2       0x10080000        0x0
 *(.bss.$RAM2*)
 *(.bss.$RamLoc40*)
                0x10080000                . = ALIGN (0x4)

.bss_RAM3       0x20000000        0x0
 *(.bss.$RAM3*)
 *(.bss.$RamAHB32*)
                0x20000000                . = ALIGN (0x4)

.bss_RAM4       0x20008000        0x0
 *(.bss.$RAM4*)
 *(.bss.$RamAHB16*)
                0x20008000                . = ALIGN (0x4)

.bss_RAM5       0x2000c000        0x0
 *(.bss.$RAM5*)
 *(.bss.$RamAHB_ETB16*)
                0x2000c000                . = ALIGN (0x4)

.bss            0x10000090       0x28
                0x10000090                _bss = .
 *(.bss*)
 .bss.ascensorsubiendo
                0x10000090        0x1 out/app/src/program.o
                0x10000090                ascensorsubiendo
 *fill*         0x10000091        0x1 
 .bss.key       0x10000092        0x2 out/app/src/program.o
                0x10000092                key
 .bss.pisoactual
                0x10000094        0x1 out/app/src/program.o
                0x10000094                pisoactual
 .bss.pisoseteado
                0x10000095        0x1 out/app/src/program.o
                0x10000095                pisoseteado
 .bss.tiempoTranscurrido
                0x10000096        0x1 out/app/src/program.o
                0x10000096                tiempoTranscurrido
 *fill*         0x10000097        0x1 
 .bss.audio_usb_pll_freq
                0x10000098        0x8 out/libs/lpc_chip_43xx/src/clock_18xx_43xx.o
 *(COMMON)
 COMMON         0x100000a0        0x1 out/app/src/program.o
                0x100000a0                estadoActual
 *fill*         0x100000a1        0x3 
 COMMON         0x100000a4        0x4 out/libs/lpc_chip_43xx/src/chip_18xx_43xx.o
                0x100000a4                SystemCoreClock
 COMMON         0x100000a8       0x10 out/libs/sapi/src/sapi_tick.o
                0x100000a8                tickCounter
                0x100000b0                tickRateMS
                0x100000b8                . = ALIGN (0x4)
                0x100000b8                _ebss = .
                [!provide]                PROVIDE (end, .)

.noinit_RAM2    0x10080000        0x0
 *(.noinit.$RAM2*)
 *(.noinit.$RamLoc40*)
                0x10080000                . = ALIGN (0x4)

.noinit_RAM3    0x20000000        0x0
 *(.noinit.$RAM3*)
 *(.noinit.$RamAHB32*)
                0x20000000                . = ALIGN (0x4)

.noinit_RAM4    0x20008000        0x0
 *(.noinit.$RAM4*)
 *(.noinit.$RamAHB16*)
                0x20008000                . = ALIGN (0x4)

.noinit_RAM5    0x2000c000        0x0
 *(.noinit.$RAM5*)
 *(.noinit.$RamAHB_ETB16*)
                0x2000c000                . = ALIGN (0x4)

.noinit         0x100000b8        0x0
                0x100000b8                _noinit = .
 *(.noinit*)
                0x100000b8                . = ALIGN (0x4)
                0x100000b8                _end_noinit = .
                0x100000b8                PROVIDE (_pvHeapStart, .)
                0x10008000                PROVIDE (_vStackTop, (__top_RamLoc32 - 0x0))
                0x53ff678e                PROVIDE (__valid_user_code_checksum, (0x0 - ((((((_vStackTop + (ResetISR + 0x1)) + (NMI_Handler + 0x1)) + (HardFault_Handler + 0x1)) + (DEFINED (MemManage_Handler)?MemManage_Handler:0x0 + 0x1)) + (DEFINED (BusFault_Handler)?BusFault_Handler:0x0 + 0x1)) + (DEFINED (UsageFault_Handler)?UsageFault_Handler:0x0 + 0x1))))
OUTPUT(out/program.elf elf32-littlearm)

.debug_info     0x00000000    0x1287e
 .debug_info    0x00000000     0x189d out/app/src/program.o
 .debug_info    0x0000189d      0xc3b out/libs/lpc_chip_43xx/src/chip_18xx_43xx.o
 .debug_info    0x000024d8     0x18e4 out/libs/lpc_chip_43xx/src/clock_18xx_43xx.o
 .debug_info    0x00003dbc      0x14c out/libs/lpc_chip_43xx/src/fpu_init.o
 .debug_info    0x00003f08      0x4c8 out/libs/lpc_chip_43xx/src/gpio_18xx_43xx.o
 .debug_info    0x000043d0      0xb07 out/libs/lpc_chip_43xx/src/sysinit_18xx_43xx.o
 .debug_info    0x00004ed7     0x164c out/libs/lpc_chip_43xx/src/uart_18xx_43xx.o
 .debug_info    0x00006523     0x212f out/libs/lpc_board_ciaa_edu_4337/src/board.o
 .debug_info    0x00008652     0x14b0 out/libs/lpc_board_ciaa_edu_4337/src/board_sysinit.o
 .debug_info    0x00009b02      0x2ec out/libs/lpc_board_ciaa_edu_4337/src/cr_startup_lpc43xx.o
 .debug_info    0x00009dee       0x3f out/libs/lpc_board_ciaa_edu_4337/src/crp.o
 .debug_info    0x00009e2d      0x95e out/libs/lpc_board_ciaa_edu_4337/src/sysinit.o
 .debug_info    0x0000a78b      0xdc8 out/libs/sapi/src/sapi_board.o
 .debug_info    0x0000b553      0x957 out/libs/sapi/src/sapi_datatypes.o
 .debug_info    0x0000beaa      0xb22 out/libs/sapi/src/sapi_delay.o
 .debug_info    0x0000c9cc     0x1986 out/libs/sapi/src/sapi_gpio.o
 .debug_info    0x0000e352     0x1438 out/libs/sapi/src/sapi_tick.o
 .debug_info    0x0000f78a     0x1c99 out/libs/sapi/src/sapi_timer.o
 .debug_info    0x00011423     0x145b out/libs/sapi/src/sapi_uart.o

.debug_abbrev   0x00000000     0x2da8
 .debug_abbrev  0x00000000      0x2e9 out/app/src/program.o
 .debug_abbrev  0x000002e9      0x1bf out/libs/lpc_chip_43xx/src/chip_18xx_43xx.o
 .debug_abbrev  0x000004a8      0x36f out/libs/lpc_chip_43xx/src/clock_18xx_43xx.o
 .debug_abbrev  0x00000817       0xa2 out/libs/lpc_chip_43xx/src/fpu_init.o
 .debug_abbrev  0x000008b9      0x172 out/libs/lpc_chip_43xx/src/gpio_18xx_43xx.o
 .debug_abbrev  0x00000a2b      0x20a out/libs/lpc_chip_43xx/src/sysinit_18xx_43xx.o
 .debug_abbrev  0x00000c35      0x3b3 out/libs/lpc_chip_43xx/src/uart_18xx_43xx.o
 .debug_abbrev  0x00000fe8      0x3d6 out/libs/lpc_board_ciaa_edu_4337/src/board.o
 .debug_abbrev  0x000013be      0x2f8 out/libs/lpc_board_ciaa_edu_4337/src/board_sysinit.o
 .debug_abbrev  0x000016b6      0x114 out/libs/lpc_board_ciaa_edu_4337/src/cr_startup_lpc43xx.o
 .debug_abbrev  0x000017ca       0x36 out/libs/lpc_board_ciaa_edu_4337/src/crp.o
 .debug_abbrev  0x00001800      0x1de out/libs/lpc_board_ciaa_edu_4337/src/sysinit.o
 .debug_abbrev  0x000019de      0x214 out/libs/sapi/src/sapi_board.o
 .debug_abbrev  0x00001bf2      0x1c2 out/libs/sapi/src/sapi_datatypes.o
 .debug_abbrev  0x00001db4      0x241 out/libs/sapi/src/sapi_delay.o
 .debug_abbrev  0x00001ff5      0x385 out/libs/sapi/src/sapi_gpio.o
 .debug_abbrev  0x0000237a      0x301 out/libs/sapi/src/sapi_tick.o
 .debug_abbrev  0x0000267b      0x3cd out/libs/sapi/src/sapi_timer.o
 .debug_abbrev  0x00002a48      0x360 out/libs/sapi/src/sapi_uart.o

.debug_loc      0x00000000     0x45e3
 .debug_loc     0x00000000      0x1f4 out/app/src/program.o
 .debug_loc     0x000001f4     0x1295 out/libs/lpc_chip_43xx/src/clock_18xx_43xx.o
 .debug_loc     0x00001489       0x2b out/libs/lpc_chip_43xx/src/fpu_init.o
 .debug_loc     0x000014b4      0x3d8 out/libs/lpc_chip_43xx/src/gpio_18xx_43xx.o
 .debug_loc     0x0000188c      0x14d out/libs/lpc_chip_43xx/src/sysinit_18xx_43xx.o
 .debug_loc     0x000019d9      0xd25 out/libs/lpc_chip_43xx/src/uart_18xx_43xx.o
 .debug_loc     0x000026fe      0x5e2 out/libs/lpc_board_ciaa_edu_4337/src/board.o
 .debug_loc     0x00002ce0       0xc3 out/libs/lpc_board_ciaa_edu_4337/src/board_sysinit.o
 .debug_loc     0x00002da3      0x206 out/libs/lpc_board_ciaa_edu_4337/src/cr_startup_lpc43xx.o
 .debug_loc     0x00002fa9       0x21 out/libs/sapi/src/sapi_datatypes.o
 .debug_loc     0x00002fca      0x1af out/libs/sapi/src/sapi_delay.o
 .debug_loc     0x00003179      0x5ed out/libs/sapi/src/sapi_gpio.o
 .debug_loc     0x00003766      0x129 out/libs/sapi/src/sapi_tick.o
 .debug_loc     0x0000388f      0x7c0 out/libs/sapi/src/sapi_timer.o
 .debug_loc     0x0000404f      0x594 out/libs/sapi/src/sapi_uart.o

.debug_aranges  0x00000000      0x668
 .debug_aranges
                0x00000000       0x78 out/app/src/program.o
 .debug_aranges
                0x00000078       0x38 out/libs/lpc_chip_43xx/src/chip_18xx_43xx.o
 .debug_aranges
                0x000000b0      0x128 out/libs/lpc_chip_43xx/src/clock_18xx_43xx.o
 .debug_aranges
                0x000001d8       0x20 out/libs/lpc_chip_43xx/src/fpu_init.o
 .debug_aranges
                0x000001f8       0x48 out/libs/lpc_chip_43xx/src/gpio_18xx_43xx.o
 .debug_aranges
                0x00000240       0x38 out/libs/lpc_chip_43xx/src/sysinit_18xx_43xx.o
 .debug_aranges
                0x00000278       0xa8 out/libs/lpc_chip_43xx/src/uart_18xx_43xx.o
 .debug_aranges
                0x00000320       0x90 out/libs/lpc_board_ciaa_edu_4337/src/board.o
 .debug_aranges
                0x000003b0       0x30 out/libs/lpc_board_ciaa_edu_4337/src/board_sysinit.o
 .debug_aranges
                0x000003e0       0x80 out/libs/lpc_board_ciaa_edu_4337/src/cr_startup_lpc43xx.o
 .debug_aranges
                0x00000460       0x18 out/libs/lpc_board_ciaa_edu_4337/src/crp.o
 .debug_aranges
                0x00000478       0x20 out/libs/lpc_board_ciaa_edu_4337/src/sysinit.o
 .debug_aranges
                0x00000498       0x20 out/libs/sapi/src/sapi_board.o
 .debug_aranges
                0x000004b8       0x20 out/libs/sapi/src/sapi_datatypes.o
 .debug_aranges
                0x000004d8       0x48 out/libs/sapi/src/sapi_delay.o
 .debug_aranges
                0x00000520       0x38 out/libs/sapi/src/sapi_gpio.o
 .debug_aranges
                0x00000558       0x38 out/libs/sapi/src/sapi_tick.o
 .debug_aranges
                0x00000590       0x78 out/libs/sapi/src/sapi_timer.o
 .debug_aranges
                0x00000608       0x60 out/libs/sapi/src/sapi_uart.o

.debug_ranges   0x00000000      0x5f0
 .debug_ranges  0x00000000       0x68 out/app/src/program.o
 .debug_ranges  0x00000068       0x28 out/libs/lpc_chip_43xx/src/chip_18xx_43xx.o
 .debug_ranges  0x00000090      0x190 out/libs/lpc_chip_43xx/src/clock_18xx_43xx.o
 .debug_ranges  0x00000220       0x10 out/libs/lpc_chip_43xx/src/fpu_init.o
 .debug_ranges  0x00000230       0x38 out/libs/lpc_chip_43xx/src/gpio_18xx_43xx.o
 .debug_ranges  0x00000268       0x28 out/libs/lpc_chip_43xx/src/sysinit_18xx_43xx.o
 .debug_ranges  0x00000290       0xb0 out/libs/lpc_chip_43xx/src/uart_18xx_43xx.o
 .debug_ranges  0x00000340       0x80 out/libs/lpc_board_ciaa_edu_4337/src/board.o
 .debug_ranges  0x000003c0       0x38 out/libs/lpc_board_ciaa_edu_4337/src/board_sysinit.o
 .debug_ranges  0x000003f8       0x70 out/libs/lpc_board_ciaa_edu_4337/src/cr_startup_lpc43xx.o
 .debug_ranges  0x00000468       0x10 out/libs/lpc_board_ciaa_edu_4337/src/sysinit.o
 .debug_ranges  0x00000478       0x10 out/libs/sapi/src/sapi_board.o
 .debug_ranges  0x00000488       0x10 out/libs/sapi/src/sapi_datatypes.o
 .debug_ranges  0x00000498       0x38 out/libs/sapi/src/sapi_delay.o
 .debug_ranges  0x000004d0       0x28 out/libs/sapi/src/sapi_gpio.o
 .debug_ranges  0x000004f8       0x28 out/libs/sapi/src/sapi_tick.o
 .debug_ranges  0x00000520       0x80 out/libs/sapi/src/sapi_timer.o
 .debug_ranges  0x000005a0       0x50 out/libs/sapi/src/sapi_uart.o

.debug_macro    0x00000000     0x9572
 .debug_macro   0x00000000      0x544 out/app/src/program.o
 .debug_macro   0x00000544      0x8b0 out/app/src/program.o
 .debug_macro   0x00000df4       0x22 out/app/src/program.o
 .debug_macro   0x00000e16       0x87 out/app/src/program.o
 .debug_macro   0x00000e9d       0x51 out/app/src/program.o
 .debug_macro   0x00000eee       0xef out/app/src/program.o
 .debug_macro   0x00000fdd       0x6a out/app/src/program.o
 .debug_macro   0x00001047      0x1df out/app/src/program.o
 .debug_macro   0x00001226       0x10 out/app/src/program.o
 .debug_macro   0x00001236       0x22 out/app/src/program.o
 .debug_macro   0x00001258       0x66 out/app/src/program.o
 .debug_macro   0x000012be       0x28 out/app/src/program.o
 .debug_macro   0x000012e6       0x3b out/app/src/program.o
 .debug_macro   0x00001321       0x2d out/app/src/program.o
 .debug_macro   0x0000134e       0x42 out/app/src/program.o
 .debug_macro   0x00001390      0xd39 out/app/src/program.o
 .debug_macro   0x000020c9      0x2bc out/app/src/program.o
 .debug_macro   0x00002385      0x112 out/app/src/program.o
 .debug_macro   0x00002497       0x11 out/app/src/program.o
 .debug_macro   0x000024a8       0x2a out/app/src/program.o
 .debug_macro   0x000024d2       0x16 out/app/src/program.o
 .debug_macro   0x000024e8      0x2e6 out/app/src/program.o
 .debug_macro   0x000027ce       0x82 out/app/src/program.o
 .debug_macro   0x00002850      0x13d out/app/src/program.o
 .debug_macro   0x0000298d      0x198 out/app/src/program.o
 .debug_macro   0x00002b25       0x34 out/app/src/program.o
 .debug_macro   0x00002b59       0x58 out/app/src/program.o
 .debug_macro   0x00002bb1      0x236 out/app/src/program.o
 .debug_macro   0x00002de7      0x572 out/app/src/program.o
 .debug_macro   0x00003359       0x16 out/app/src/program.o
 .debug_macro   0x0000336f      0x18a out/app/src/program.o
 .debug_macro   0x000034f9       0x88 out/app/src/program.o
 .debug_macro   0x00003581      0x1b9 out/app/src/program.o
 .debug_macro   0x0000373a      0x1da out/app/src/program.o
 .debug_macro   0x00003914       0x40 out/app/src/program.o
 .debug_macro   0x00003954       0x1c out/app/src/program.o
 .debug_macro   0x00003970       0x2e out/app/src/program.o
 .debug_macro   0x0000399e       0x2e out/app/src/program.o
 .debug_macro   0x000039cc       0x22 out/app/src/program.o
 .debug_macro   0x000039ee      0x201 out/app/src/program.o
 .debug_macro   0x00003bef       0xe0 out/app/src/program.o
 .debug_macro   0x00003ccf      0x34c out/app/src/program.o
 .debug_macro   0x0000401b       0xdc out/app/src/program.o
 .debug_macro   0x000040f7       0xc4 out/app/src/program.o
 .debug_macro   0x000041bb       0x94 out/app/src/program.o
 .debug_macro   0x0000424f       0xb8 out/app/src/program.o
 .debug_macro   0x00004307       0x4c out/app/src/program.o
 .debug_macro   0x00004353       0x16 out/app/src/program.o
 .debug_macro   0x00004369      0x328 out/app/src/program.o
 .debug_macro   0x00004691       0x3a out/app/src/program.o
 .debug_macro   0x000046cb       0xd0 out/app/src/program.o
 .debug_macro   0x0000479b       0x18 out/app/src/program.o
 .debug_macro   0x000047b3       0x22 out/app/src/program.o
 .debug_macro   0x000047d5       0x40 out/app/src/program.o
 .debug_macro   0x00004815       0x4c out/app/src/program.o
 .debug_macro   0x00004861       0x58 out/app/src/program.o
 .debug_macro   0x000048b9       0x35 out/app/src/program.o
 .debug_macro   0x000048ee       0x9c out/app/src/program.o
 .debug_macro   0x0000498a       0x16 out/app/src/program.o
 .debug_macro   0x000049a0       0x97 out/app/src/program.o
 .debug_macro   0x00004a37      0x30d out/app/src/program.o
 .debug_macro   0x00004d44       0xfd out/app/src/program.o
 .debug_macro   0x00004e41       0x10 out/app/src/program.o
 .debug_macro   0x00004e51       0x58 out/app/src/program.o
 .debug_macro   0x00004ea9       0x1f out/app/src/program.o
 .debug_macro   0x00004ec8       0x43 out/app/src/program.o
 .debug_macro   0x00004f0b       0x20 out/app/src/program.o
 .debug_macro   0x00004f2b      0x187 out/app/src/program.o
 .debug_macro   0x000050b2       0x10 out/app/src/program.o
 .debug_macro   0x000050c2       0x1c out/app/src/program.o
 .debug_macro   0x000050de       0x52 out/app/src/program.o
 .debug_macro   0x00005130       0x40 out/app/src/program.o
 .debug_macro   0x00005170       0x10 out/app/src/program.o
 .debug_macro   0x00005180       0x40 out/app/src/program.o
 .debug_macro   0x000051c0       0xd7 out/app/src/program.o
 .debug_macro   0x00005297       0x16 out/app/src/program.o
 .debug_macro   0x000052ad      0x18b out/app/src/program.o
 .debug_macro   0x00005438       0x20 out/app/src/program.o
 .debug_macro   0x00005458       0x28 out/app/src/program.o
 .debug_macro   0x00005480       0x16 out/app/src/program.o
 .debug_macro   0x00005496       0x3a out/app/src/program.o
 .debug_macro   0x000054d0       0x10 out/app/src/program.o
 .debug_macro   0x000054e0       0x70 out/app/src/program.o
 .debug_macro   0x00005550      0x1e1 out/app/src/program.o
 .debug_macro   0x00005731      0x301 out/libs/lpc_chip_43xx/src/chip_18xx_43xx.o
 .debug_macro   0x00005a32      0x307 out/libs/lpc_chip_43xx/src/clock_18xx_43xx.o
 .debug_macro   0x00005d39       0xe7 out/libs/lpc_chip_43xx/src/fpu_init.o
 .debug_macro   0x00005e20      0x301 out/libs/lpc_chip_43xx/src/gpio_18xx_43xx.o
 .debug_macro   0x00006121      0x301 out/libs/lpc_chip_43xx/src/sysinit_18xx_43xx.o
 .debug_macro   0x00006422      0x301 out/libs/lpc_chip_43xx/src/uart_18xx_43xx.o
 .debug_macro   0x00006723      0x499 out/libs/lpc_board_ciaa_edu_4337/src/board.o
 .debug_macro   0x00006bbc       0x46 out/libs/lpc_board_ciaa_edu_4337/src/board.o
 .debug_macro   0x00006c02       0x16 out/libs/lpc_board_ciaa_edu_4337/src/board.o
 .debug_macro   0x00006c18      0x472 out/libs/lpc_board_ciaa_edu_4337/src/board_sysinit.o
 .debug_macro   0x0000708a       0x1d out/libs/lpc_board_ciaa_edu_4337/src/cr_startup_lpc43xx.o
 .debug_macro   0x000070a7       0x17 out/libs/lpc_board_ciaa_edu_4337/src/crp.o
 .debug_macro   0x000070be      0x472 out/libs/lpc_board_ciaa_edu_4337/src/sysinit.o
 .debug_macro   0x00007530      0x4a3 out/libs/sapi/src/sapi_board.o
 .debug_macro   0x000079d3      0x47b out/libs/sapi/src/sapi_datatypes.o
 .debug_macro   0x00007e4e      0x494 out/libs/sapi/src/sapi_delay.o
 .debug_macro   0x000082e2       0x10 out/libs/sapi/src/sapi_delay.o
 .debug_macro   0x000082f2      0x48f out/libs/sapi/src/sapi_gpio.o
 .debug_macro   0x00008781      0x485 out/libs/sapi/src/sapi_tick.o
 .debug_macro   0x00008c06      0x49b out/libs/sapi/src/sapi_timer.o
 .debug_macro   0x000090a1      0x4d1 out/libs/sapi/src/sapi_uart.o

.debug_line     0x00000000     0x91a9
 .debug_line    0x00000000      0xae8 out/app/src/program.o
 .debug_line    0x00000ae8      0x6f9 out/libs/lpc_chip_43xx/src/chip_18xx_43xx.o
 .debug_line    0x000011e1      0xacf out/libs/lpc_chip_43xx/src/clock_18xx_43xx.o
 .debug_line    0x00001cb0      0x2b5 out/libs/lpc_chip_43xx/src/fpu_init.o
 .debug_line    0x00001f65      0x721 out/libs/lpc_chip_43xx/src/gpio_18xx_43xx.o
 .debug_line    0x00002686      0x76f out/libs/lpc_chip_43xx/src/sysinit_18xx_43xx.o
 .debug_line    0x00002df5      0x997 out/libs/lpc_chip_43xx/src/uart_18xx_43xx.o
 .debug_line    0x0000378c      0x9b3 out/libs/lpc_board_ciaa_edu_4337/src/board.o
 .debug_line    0x0000413f      0x86c out/libs/lpc_board_ciaa_edu_4337/src/board_sysinit.o
 .debug_line    0x000049ab       0xe0 out/libs/lpc_board_ciaa_edu_4337/src/cr_startup_lpc43xx.o
 .debug_line    0x00004a8b       0x47 out/libs/lpc_board_ciaa_edu_4337/src/crp.o
 .debug_line    0x00004ad2      0x80c out/libs/lpc_board_ciaa_edu_4337/src/sysinit.o
 .debug_line    0x000052de      0x87f out/libs/sapi/src/sapi_board.o
 .debug_line    0x00005b5d      0x81f out/libs/sapi/src/sapi_datatypes.o
 .debug_line    0x0000637c      0x8bf out/libs/sapi/src/sapi_delay.o
 .debug_line    0x00006c3b      0x919 out/libs/sapi/src/sapi_gpio.o
 .debug_line    0x00007554      0x881 out/libs/sapi/src/sapi_tick.o
 .debug_line    0x00007dd5      0xa16 out/libs/sapi/src/sapi_timer.o
 .debug_line    0x000087eb      0x9be out/libs/sapi/src/sapi_uart.o

.debug_str      0x00000000    0x1c7d7
 .debug_str     0x00000000    0x1a1ba out/app/src/program.o
                              0x1a4e1 (size before relaxing)
 .debug_str     0x0001a1ba      0x3af out/libs/lpc_chip_43xx/src/chip_18xx_43xx.o
                              0x15624 (size before relaxing)
 .debug_str     0x0001a569      0x552 out/libs/lpc_chip_43xx/src/clock_18xx_43xx.o
                              0x15ae6 (size before relaxing)
 .debug_str     0x0001aabb       0xc5 out/libs/lpc_chip_43xx/src/fpu_init.o
                               0x90e1 (size before relaxing)
 .debug_str     0x0001ab80      0x14a out/libs/lpc_chip_43xx/src/gpio_18xx_43xx.o
                              0x14972 (size before relaxing)
 .debug_str     0x0001acca       0xf7 out/libs/lpc_chip_43xx/src/sysinit_18xx_43xx.o
                              0x15582 (size before relaxing)
 .debug_str     0x0001adc1      0x46e out/libs/lpc_chip_43xx/src/uart_18xx_43xx.o
                              0x15734 (size before relaxing)
 .debug_str     0x0001b22f      0x572 out/libs/lpc_board_ciaa_edu_4337/src/board.o
                              0x19c26 (size before relaxing)
 .debug_str     0x0001b7a1       0xdf out/libs/lpc_board_ciaa_edu_4337/src/board_sysinit.o
                              0x197d0 (size before relaxing)
 .debug_str     0x0001b880      0x20c out/libs/lpc_board_ciaa_edu_4337/src/cr_startup_lpc43xx.o
                               0x2778 (size before relaxing)
 .debug_str     0x0001ba8c       0x46 out/libs/lpc_board_ciaa_edu_4337/src/crp.o
                               0x258e (size before relaxing)
 .debug_str     0x0001bad2       0x35 out/libs/lpc_board_ciaa_edu_4337/src/sysinit.o
                              0x189f7 (size before relaxing)
 .debug_str     0x0001bb07       0x26 out/libs/sapi/src/sapi_board.o
                              0x18c2c (size before relaxing)
 .debug_str     0x0001bb2d       0x30 out/libs/sapi/src/sapi_datatypes.o
                              0x18a2f (size before relaxing)
 .debug_str     0x0001bb5d       0xc8 out/libs/sapi/src/sapi_delay.o
                              0x18b30 (size before relaxing)
 .debug_str     0x0001bc25       0xfe out/libs/sapi/src/sapi_gpio.o
                              0x1980e (size before relaxing)
 .debug_str     0x0001bd23      0x457 out/libs/sapi/src/sapi_tick.o
                              0x1991b (size before relaxing)
 .debug_str     0x0001c17a      0x3fd out/libs/sapi/src/sapi_timer.o
                              0x19c63 (size before relaxing)
 .debug_str     0x0001c577      0x260 out/libs/sapi/src/sapi_uart.o
                              0x18ef4 (size before relaxing)

.comment        0x00000000       0x7f
 .comment       0x00000000       0x7f out/app/src/program.o
                                 0x80 (size before relaxing)
 .comment       0x0000007f       0x80 out/libs/lpc_chip_43xx/src/chip_18xx_43xx.o
 .comment       0x0000007f       0x80 out/libs/lpc_chip_43xx/src/clock_18xx_43xx.o
 .comment       0x0000007f       0x80 out/libs/lpc_chip_43xx/src/fpu_init.o
 .comment       0x0000007f       0x80 out/libs/lpc_chip_43xx/src/gpio_18xx_43xx.o
 .comment       0x0000007f       0x80 out/libs/lpc_chip_43xx/src/sysinit_18xx_43xx.o
 .comment       0x0000007f       0x80 out/libs/lpc_chip_43xx/src/uart_18xx_43xx.o
 .comment       0x0000007f       0x80 out/libs/lpc_board_ciaa_edu_4337/src/board.o
 .comment       0x0000007f       0x80 out/libs/lpc_board_ciaa_edu_4337/src/board_sysinit.o
 .comment       0x0000007f       0x80 out/libs/lpc_board_ciaa_edu_4337/src/cr_startup_lpc43xx.o
 .comment       0x0000007f       0x80 out/libs/lpc_board_ciaa_edu_4337/src/crp.o
 .comment       0x0000007f       0x80 out/libs/lpc_board_ciaa_edu_4337/src/sysinit.o
 .comment       0x0000007f       0x80 out/libs/sapi/src/sapi_board.o
 .comment       0x0000007f       0x80 out/libs/sapi/src/sapi_datatypes.o
 .comment       0x0000007f       0x80 out/libs/sapi/src/sapi_delay.o
 .comment       0x0000007f       0x80 out/libs/sapi/src/sapi_gpio.o
 .comment       0x0000007f       0x80 out/libs/sapi/src/sapi_tick.o
 .comment       0x0000007f       0x80 out/libs/sapi/src/sapi_timer.o
 .comment       0x0000007f       0x80 out/libs/sapi/src/sapi_uart.o

.ARM.attributes
                0x00000000       0x39
 .ARM.attributes
                0x00000000       0x39 out/app/src/program.o
 .ARM.attributes
                0x00000039       0x39 out/libs/lpc_chip_43xx/src/chip_18xx_43xx.o
 .ARM.attributes
                0x00000072       0x39 out/libs/lpc_chip_43xx/src/clock_18xx_43xx.o
 .ARM.attributes
                0x000000ab       0x39 out/libs/lpc_chip_43xx/src/fpu_init.o
 .ARM.attributes
                0x000000e4       0x39 out/libs/lpc_chip_43xx/src/gpio_18xx_43xx.o
 .ARM.attributes
                0x0000011d       0x39 out/libs/lpc_chip_43xx/src/sysinit_18xx_43xx.o
 .ARM.attributes
                0x00000156       0x39 out/libs/lpc_chip_43xx/src/uart_18xx_43xx.o
 .ARM.attributes
                0x0000018f       0x39 out/libs/lpc_board_ciaa_edu_4337/src/board.o
 .ARM.attributes
                0x000001c8       0x39 out/libs/lpc_board_ciaa_edu_4337/src/board_sysinit.o
 .ARM.attributes
                0x00000201       0x39 out/libs/lpc_board_ciaa_edu_4337/src/cr_startup_lpc43xx.o
 .ARM.attributes
                0x0000023a       0x39 out/libs/lpc_board_ciaa_edu_4337/src/crp.o
 .ARM.attributes
                0x00000273       0x39 out/libs/lpc_board_ciaa_edu_4337/src/sysinit.o
 .ARM.attributes
                0x000002ac       0x39 out/libs/sapi/src/sapi_board.o
 .ARM.attributes
                0x000002e5       0x39 out/libs/sapi/src/sapi_datatypes.o
 .ARM.attributes
                0x0000031e       0x39 out/libs/sapi/src/sapi_delay.o
 .ARM.attributes
                0x00000357       0x39 out/libs/sapi/src/sapi_gpio.o
 .ARM.attributes
                0x00000390       0x39 out/libs/sapi/src/sapi_tick.o
 .ARM.attributes
                0x000003c9       0x39 out/libs/sapi/src/sapi_timer.o
 .ARM.attributes
                0x00000402       0x39 out/libs/sapi/src/sapi_uart.o
 .ARM.attributes
                0x0000043b       0x22 c:/program files (x86)/embeddedide/gcc-arm-embedded/bin/../lib/gcc/arm-none-eabi/6.3.1/thumb/v7e-m/fpv4-sp/hard\libgcc.a(_aeabi_uldivmod.o)
 .ARM.attributes
                0x0000045d       0x34 c:/program files (x86)/embeddedide/gcc-arm-embedded/bin/../lib/gcc/arm-none-eabi/6.3.1/thumb/v7e-m/fpv4-sp/hard\libgcc.a(_udivmoddi4.o)
 .ARM.attributes
                0x00000491       0x22 c:/program files (x86)/embeddedide/gcc-arm-embedded/bin/../lib/gcc/arm-none-eabi/6.3.1/thumb/v7e-m/fpv4-sp/hard\libgcc.a(_dvmd_tls.o)
 .ARM.attributes
                0x000004b3       0x34 c:/program files (x86)/embeddedide/gcc-arm-embedded/bin/../lib/gcc/arm-none-eabi/6.3.1/../../../../arm-none-eabi/lib/thumb/v7e-m/fpv4-sp/hard\libc_nano.a(lib_a-memset.o)

.debug_frame    0x00000000      0xf0c
 .debug_frame   0x00000000      0x138 out/app/src/program.o
 .debug_frame   0x00000138       0x70 out/libs/lpc_chip_43xx/src/chip_18xx_43xx.o
 .debug_frame   0x000001a8      0x314 out/libs/lpc_chip_43xx/src/clock_18xx_43xx.o
 .debug_frame   0x000004bc       0x2c out/libs/lpc_chip_43xx/src/fpu_init.o
 .debug_frame   0x000004e8       0x88 out/libs/lpc_chip_43xx/src/gpio_18xx_43xx.o
 .debug_frame   0x00000570       0x7c out/libs/lpc_chip_43xx/src/sysinit_18xx_43xx.o
 .debug_frame   0x000005ec      0x1f4 out/libs/lpc_chip_43xx/src/uart_18xx_43xx.o
 .debug_frame   0x000007e0      0x138 out/libs/lpc_board_ciaa_edu_4337/src/board.o
 .debug_frame   0x00000918       0x5c out/libs/lpc_board_ciaa_edu_4337/src/board_sysinit.o
 .debug_frame   0x00000974       0xf4 out/libs/lpc_board_ciaa_edu_4337/src/cr_startup_lpc43xx.o
 .debug_frame   0x00000a68       0x28 out/libs/lpc_board_ciaa_edu_4337/src/sysinit.o
 .debug_frame   0x00000a90       0x28 out/libs/sapi/src/sapi_board.o
 .debug_frame   0x00000ab8       0x20 out/libs/sapi/src/sapi_datatypes.o
 .debug_frame   0x00000ad8       0xbc out/libs/sapi/src/sapi_delay.o
 .debug_frame   0x00000b94       0x8c out/libs/sapi/src/sapi_gpio.o
 .debug_frame   0x00000c20       0x60 out/libs/sapi/src/sapi_tick.o
 .debug_frame   0x00000c80      0x134 out/libs/sapi/src/sapi_timer.o
 .debug_frame   0x00000db4       0xd8 out/libs/sapi/src/sapi_uart.o
 .debug_frame   0x00000e8c       0x2c c:/program files (x86)/embeddedide/gcc-arm-embedded/bin/../lib/gcc/arm-none-eabi/6.3.1/thumb/v7e-m/fpv4-sp/hard\libgcc.a(_aeabi_uldivmod.o)
 .debug_frame   0x00000eb8       0x34 c:/program files (x86)/embeddedide/gcc-arm-embedded/bin/../lib/gcc/arm-none-eabi/6.3.1/thumb/v7e-m/fpv4-sp/hard\libgcc.a(_udivmoddi4.o)
 .debug_frame   0x00000eec       0x20 c:/program files (x86)/embeddedide/gcc-arm-embedded/bin/../lib/gcc/arm-none-eabi/6.3.1/../../../../arm-none-eabi/lib/thumb/v7e-m/fpv4-sp/hard\libc_nano.a(lib_a-memset.o)

Cross Reference Table

Symbol                                            File
ADC0_IRQHandler                                   out/libs/lpc_board_ciaa_edu_4337/src/cr_startup_lpc43xx.o
ADC1_IRQHandler                                   out/libs/lpc_board_ciaa_edu_4337/src/cr_startup_lpc43xx.o
ADCHS_IRQHandler                                  out/libs/lpc_board_ciaa_edu_4337/src/cr_startup_lpc43xx.o
ATIMER_IRQHandler                                 out/libs/lpc_board_ciaa_edu_4337/src/cr_startup_lpc43xx.o
ActualizarMEF                                     out/app/src/program.o
Board_DAC_Init                                    out/libs/lpc_board_ciaa_edu_4337/src/board.o
Board_Debug_Init                                  out/libs/lpc_board_ciaa_edu_4337/src/board.o
Board_ENET_GetMacADDR                             out/libs/lpc_board_ciaa_edu_4337/src/board.o
Board_I2C_Init                                    out/libs/lpc_board_ciaa_edu_4337/src/board.o
Board_Init                                        out/libs/lpc_board_ciaa_edu_4337/src/board.o
                                                  out/libs/sapi/src/sapi_board.o
Board_LED_Set                                     out/libs/lpc_board_ciaa_edu_4337/src/board.o
Board_LED_Test                                    out/libs/lpc_board_ciaa_edu_4337/src/board.o
Board_LED_Toggle                                  out/libs/lpc_board_ciaa_edu_4337/src/board.o
Board_SDMMC_Init                                  out/libs/lpc_board_ciaa_edu_4337/src/board.o
Board_SSP_Init                                    out/libs/lpc_board_ciaa_edu_4337/src/board.o
Board_SetupClocking                               out/libs/lpc_board_ciaa_edu_4337/src/board_sysinit.o
Board_SetupMuxing                                 out/libs/lpc_board_ciaa_edu_4337/src/board_sysinit.o
Board_SystemInit                                  out/libs/lpc_board_ciaa_edu_4337/src/board_sysinit.o
                                                  out/libs/lpc_board_ciaa_edu_4337/src/sysinit.o
Board_UARTGetChar                                 out/libs/lpc_board_ciaa_edu_4337/src/board.o
                                                  out/libs/lpc_board_ciaa_edu_4337/src/system.o
Board_UARTPutChar                                 out/libs/lpc_board_ciaa_edu_4337/src/board.o
                                                  out/libs/lpc_board_ciaa_edu_4337/src/system.o
Board_UARTPutSTR                                  out/libs/lpc_board_ciaa_edu_4337/src/board.o
Board_UART_Init                                   out/libs/lpc_board_ciaa_edu_4337/src/board.o
BusFault_Handler                                  out/libs/lpc_board_ciaa_edu_4337/src/cr_startup_lpc43xx.o
CAN0_IRQHandler                                   out/libs/lpc_board_ciaa_edu_4337/src/cr_startup_lpc43xx.o
CAN1_IRQHandler                                   out/libs/lpc_board_ciaa_edu_4337/src/cr_startup_lpc43xx.o
CRP_WORD                                          out/libs/lpc_board_ciaa_edu_4337/src/crp.o
Chip_ADC_DeInit                                   out/libs/lpc_chip_43xx/src/adc_18xx_43xx.o
                                                  out/libs/sapi/src/sapi_adc.o
Chip_ADC_EnableChannel                            out/libs/lpc_chip_43xx/src/adc_18xx_43xx.o
                                                  out/libs/sapi/src/sapi_adc.o
Chip_ADC_Init                                     out/libs/lpc_chip_43xx/src/adc_18xx_43xx.o
                                                  out/libs/sapi/src/sapi_adc.o
Chip_ADC_Int_SetChannelCmd                        out/libs/lpc_chip_43xx/src/adc_18xx_43xx.o
                                                  out/libs/sapi/src/sapi_adc.o
Chip_ADC_ReadByte                                 out/libs/lpc_chip_43xx/src/adc_18xx_43xx.o
Chip_ADC_ReadStatus                               out/libs/lpc_chip_43xx/src/adc_18xx_43xx.o
                                                  out/libs/sapi/src/sapi_adc.o
Chip_ADC_ReadValue                                out/libs/lpc_chip_43xx/src/adc_18xx_43xx.o
                                                  out/libs/sapi/src/sapi_adc.o
Chip_ADC_SetBurstCmd                              out/libs/lpc_chip_43xx/src/adc_18xx_43xx.o
                                                  out/libs/sapi/src/sapi_adc.o
Chip_ADC_SetResolution                            out/libs/lpc_chip_43xx/src/adc_18xx_43xx.o
Chip_ADC_SetSampleRate                            out/libs/lpc_chip_43xx/src/adc_18xx_43xx.o
                                                  out/libs/sapi/src/sapi_adc.o
Chip_ADC_SetStartMode                             out/libs/lpc_chip_43xx/src/adc_18xx_43xx.o
                                                  out/libs/sapi/src/sapi_adc.o
Chip_AES_Config_DMA                               out/libs/lpc_chip_43xx/src/aes_18xx_43xx.o
Chip_AES_GetStatusDMA                             out/libs/lpc_chip_43xx/src/aes_18xx_43xx.o
Chip_AES_Init                                     out/libs/lpc_chip_43xx/src/aes_18xx_43xx.o
Chip_AES_LoadIV_IC                                out/libs/lpc_chip_43xx/src/aes_18xx_43xx.o
Chip_AES_LoadIV_SW                                out/libs/lpc_chip_43xx/src/aes_18xx_43xx.o
Chip_AES_LoadKey                                  out/libs/lpc_chip_43xx/src/aes_18xx_43xx.o
Chip_AES_LoadKeyRNG                               out/libs/lpc_chip_43xx/src/aes_18xx_43xx.o
Chip_AES_LoadKeySW                                out/libs/lpc_chip_43xx/src/aes_18xx_43xx.o
Chip_AES_Operate                                  out/libs/lpc_chip_43xx/src/aes_18xx_43xx.o
Chip_AES_OperateDMA                               out/libs/lpc_chip_43xx/src/aes_18xx_43xx.o
Chip_AES_ProgramKey                               out/libs/lpc_chip_43xx/src/aes_18xx_43xx.o
Chip_AES_SetMode                                  out/libs/lpc_chip_43xx/src/aes_18xx_43xx.o
Chip_ATIMER_DeInit                                out/libs/lpc_chip_43xx/src/atimer_18xx_43xx.o
Chip_ATIMER_Init                                  out/libs/lpc_chip_43xx/src/atimer_18xx_43xx.o
Chip_CCAN_AddReceiveID                            out/libs/lpc_chip_43xx/src/ccan_18xx_43xx.o
Chip_CCAN_ClearStatus                             out/libs/lpc_chip_43xx/src/ccan_18xx_43xx.o
Chip_CCAN_DeInit                                  out/libs/lpc_chip_43xx/src/ccan_18xx_43xx.o
Chip_CCAN_DeleteReceiveID                         out/libs/lpc_chip_43xx/src/ccan_18xx_43xx.o
Chip_CCAN_GetMsgObject                            out/libs/lpc_chip_43xx/src/ccan_18xx_43xx.o
Chip_CCAN_Init                                    out/libs/lpc_chip_43xx/src/ccan_18xx_43xx.o
Chip_CCAN_Send                                    out/libs/lpc_chip_43xx/src/ccan_18xx_43xx.o
Chip_CCAN_SetBitRate                              out/libs/lpc_chip_43xx/src/ccan_18xx_43xx.o
Chip_CCAN_SetMsgObject                            out/libs/lpc_chip_43xx/src/ccan_18xx_43xx.o
Chip_CCAN_SetValidMsg                             out/libs/lpc_chip_43xx/src/ccan_18xx_43xx.o
Chip_CCAN_TransferMsgObject                       out/libs/lpc_chip_43xx/src/ccan_18xx_43xx.o
Chip_Clock_CalcMainPLLValue                       out/libs/lpc_chip_43xx/src/clock_18xx_43xx.o
                                                  out/libs/lpc_chip_43xx/src/sysinit_18xx_43xx.o
Chip_Clock_ClearPowerDown                         out/libs/lpc_chip_43xx/src/clock_18xx_43xx.o
Chip_Clock_Disable                                out/libs/lpc_chip_43xx/src/clock_18xx_43xx.o
                                                  out/libs/lpc_chip_43xx/src/uart_18xx_43xx.o
                                                  out/libs/lpc_chip_43xx/src/timer_18xx_43xx.o
                                                  out/libs/lpc_chip_43xx/src/ssp_18xx_43xx.o
                                                  out/libs/lpc_chip_43xx/src/spi_18xx_43xx.o
                                                  out/libs/lpc_chip_43xx/src/sdif_18xx_43xx.o
                                                  out/libs/lpc_chip_43xx/src/sct_18xx_43xx.o
                                                  out/libs/lpc_chip_43xx/src/ritimer_18xx_43xx.o
                                                  out/libs/lpc_chip_43xx/src/lcd_18xx_43xx.o
                                                  out/libs/lpc_chip_43xx/src/i2s_18xx_43xx.o
                                                  out/libs/lpc_chip_43xx/src/i2cm_18xx_43xx.o
                                                  out/libs/lpc_chip_43xx/src/i2c_18xx_43xx.o
                                                  out/libs/lpc_chip_43xx/src/hsadc_18xx_43xx.o
                                                  out/libs/lpc_chip_43xx/src/gpdma_18xx_43xx.o
                                                  out/libs/lpc_chip_43xx/src/enet_18xx_43xx.o
                                                  out/libs/lpc_chip_43xx/src/dac_18xx_43xx.o
                                                  out/libs/lpc_chip_43xx/src/ccan_18xx_43xx.o
                                                  out/libs/lpc_chip_43xx/src/adc_18xx_43xx.o
Chip_Clock_DisableBaseClock                       out/libs/lpc_chip_43xx/src/clock_18xx_43xx.o
Chip_Clock_DisableCrystal                         out/libs/lpc_chip_43xx/src/clock_18xx_43xx.o
Chip_Clock_DisablePLL                             out/libs/lpc_chip_43xx/src/clock_18xx_43xx.o
Chip_Clock_Enable                                 out/libs/lpc_chip_43xx/src/clock_18xx_43xx.o
                                                  out/libs/lpc_chip_43xx/src/timer_18xx_43xx.o
                                                  out/libs/lpc_chip_43xx/src/ssp_18xx_43xx.o
                                                  out/libs/lpc_chip_43xx/src/spi_18xx_43xx.o
                                                  out/libs/lpc_chip_43xx/src/i2s_18xx_43xx.o
                                                  out/libs/lpc_chip_43xx/src/i2cm_18xx_43xx.o
                                                  out/libs/lpc_chip_43xx/src/i2c_18xx_43xx.o
                                                  out/libs/lpc_chip_43xx/src/hsadc_18xx_43xx.o
Chip_Clock_EnableBaseClock                        out/libs/lpc_chip_43xx/src/clock_18xx_43xx.o
                                                  out/libs/lpc_chip_43xx/src/chip_18xx_43xx.o
Chip_Clock_EnableCrystal                          out/libs/lpc_chip_43xx/src/clock_18xx_43xx.o
                                                  out/libs/lpc_chip_43xx/src/sysinit_18xx_43xx.o
Chip_Clock_EnableOpts                             out/libs/lpc_chip_43xx/src/clock_18xx_43xx.o
                                                  out/libs/lpc_chip_43xx/src/uart_18xx_43xx.o
                                                  out/libs/lpc_chip_43xx/src/sdif_18xx_43xx.o
                                                  out/libs/lpc_chip_43xx/src/sct_18xx_43xx.o
                                                  out/libs/lpc_chip_43xx/src/ritimer_18xx_43xx.o
                                                  out/libs/lpc_chip_43xx/src/lcd_18xx_43xx.o
                                                  out/libs/lpc_chip_43xx/src/hsadc_18xx_43xx.o
                                                  out/libs/lpc_chip_43xx/src/gpdma_18xx_43xx.o
                                                  out/libs/lpc_chip_43xx/src/enet_18xx_43xx.o
                                                  out/libs/lpc_chip_43xx/src/dac_18xx_43xx.o
                                                  out/libs/lpc_chip_43xx/src/chip_18xx_43xx.o
                                                  out/libs/lpc_chip_43xx/src/ccan_18xx_43xx.o
                                                  out/libs/lpc_chip_43xx/src/adc_18xx_43xx.o
Chip_Clock_EnablePLL                              out/libs/lpc_chip_43xx/src/clock_18xx_43xx.o
                                                  out/libs/lpc_chip_43xx/src/chip_18xx_43xx.o
Chip_Clock_GetBaseClock                           out/libs/lpc_chip_43xx/src/clock_18xx_43xx.o
Chip_Clock_GetBaseClockOpts                       out/libs/lpc_chip_43xx/src/clock_18xx_43xx.o
Chip_Clock_GetBaseClocktHz                        out/libs/lpc_chip_43xx/src/clock_18xx_43xx.o
                                                  out/libs/lpc_chip_43xx/src/sdmmc_18xx_43xx.o
                                                  out/libs/lpc_chip_43xx/src/sdio_18xx_43xx.o
Chip_Clock_GetClockInputHz                        out/libs/lpc_chip_43xx/src/clock_18xx_43xx.o
                                                  out/libs/lpc_chip_43xx/src/chip_18xx_43xx.o
Chip_Clock_GetDividerDivisor                      out/libs/lpc_chip_43xx/src/clock_18xx_43xx.o
Chip_Clock_GetDividerSource                       out/libs/lpc_chip_43xx/src/clock_18xx_43xx.o
Chip_Clock_GetEMCRate                             out/libs/lpc_chip_43xx/src/clock_18xx_43xx.o
                                                  out/libs/lpc_chip_43xx/src/emc_18xx_43xx.o
Chip_Clock_GetMainPLLHz                           out/libs/lpc_chip_43xx/src/clock_18xx_43xx.o
Chip_Clock_GetPLLStatus                           out/libs/lpc_chip_43xx/src/clock_18xx_43xx.o
                                                  out/libs/lpc_chip_43xx/src/chip_18xx_43xx.o
Chip_Clock_GetRate                                out/libs/lpc_chip_43xx/src/clock_18xx_43xx.o
                                                  out/libs/lpc_chip_43xx/src/uart_18xx_43xx.o
                                                  out/libs/lpc_chip_43xx/src/stopwatch_18xx_43xx.o
                                                  out/libs/lpc_chip_43xx/src/ssp_18xx_43xx.o
                                                  out/libs/lpc_chip_43xx/src/spi_18xx_43xx.o
                                                  out/libs/lpc_chip_43xx/src/sct_pwm_18xx_43xx.o
                                                  out/libs/lpc_chip_43xx/src/ritimer_18xx_43xx.o
                                                  out/libs/lpc_chip_43xx/src/i2s_18xx_43xx.o
                                                  out/libs/lpc_chip_43xx/src/i2cm_18xx_43xx.o
                                                  out/libs/lpc_chip_43xx/src/i2c_18xx_43xx.o
                                                  out/libs/lpc_chip_43xx/src/hsadc_18xx_43xx.o
                                                  out/libs/lpc_chip_43xx/src/eeprom_18xx_43xx.o
                                                  out/libs/lpc_chip_43xx/src/chip_18xx_43xx.o
                                                  out/libs/lpc_chip_43xx/src/ccan_18xx_43xx.o
                                                  out/libs/lpc_chip_43xx/src/adc_18xx_43xx.o
Chip_Clock_IsBaseClockEnabled                     out/libs/lpc_chip_43xx/src/clock_18xx_43xx.o
Chip_Clock_RTCEnable                              out/libs/lpc_chip_43xx/src/clock_18xx_43xx.o
                                                  out/libs/lpc_chip_43xx/src/rtc_18xx_43xx.o
Chip_Clock_SetBaseClock                           out/libs/lpc_chip_43xx/src/clock_18xx_43xx.o
                                                  out/libs/lpc_board_ciaa_edu_4337/src/board_sysinit.o
                                                  out/libs/lpc_chip_43xx/src/sysinit_18xx_43xx.o
                                                  out/libs/lpc_chip_43xx/src/chip_18xx_43xx.o
Chip_Clock_SetDivider                             out/libs/lpc_chip_43xx/src/clock_18xx_43xx.o
                                                  out/libs/lpc_chip_43xx/src/chip_18xx_43xx.o
Chip_Clock_SetupMainPLLHz                         out/libs/lpc_chip_43xx/src/clock_18xx_43xx.o
Chip_Clock_SetupMainPLLMult                       out/libs/lpc_chip_43xx/src/clock_18xx_43xx.o
Chip_Clock_SetupPLL                               out/libs/lpc_chip_43xx/src/clock_18xx_43xx.o
                                                  out/libs/lpc_chip_43xx/src/chip_18xx_43xx.o
Chip_Clock_StartPowerDown                         out/libs/lpc_chip_43xx/src/clock_18xx_43xx.o
Chip_DAC_DeInit                                   out/libs/lpc_chip_43xx/src/dac_18xx_43xx.o
                                                  out/libs/sapi/src/sapi_dac.o
Chip_DAC_Init                                     out/libs/lpc_chip_43xx/src/dac_18xx_43xx.o
                                                  out/libs/sapi/src/sapi_dac.o
Chip_DAC_SetBias                                  out/libs/lpc_chip_43xx/src/dac_18xx_43xx.o
Chip_DAC_UpdateValue                              out/libs/lpc_chip_43xx/src/dac_18xx_43xx.o
                                                  out/libs/sapi/src/sapi_dac.o
Chip_EEPROM_EraseProgramPage                      out/libs/lpc_chip_43xx/src/eeprom_18xx_43xx.o
Chip_EEPROM_Init                                  out/libs/lpc_chip_43xx/src/eeprom_18xx_43xx.o
Chip_EEPROM_WaitForIntStatus                      out/libs/lpc_chip_43xx/src/eeprom_18xx_43xx.o
Chip_EMC_Dynamic_Enable                           out/libs/lpc_chip_43xx/src/emc_18xx_43xx.o
Chip_EMC_Dynamic_Init                             out/libs/lpc_chip_43xx/src/emc_18xx_43xx.o
Chip_EMC_Enable                                   out/libs/lpc_chip_43xx/src/emc_18xx_43xx.o
Chip_EMC_Init                                     out/libs/lpc_chip_43xx/src/emc_18xx_43xx.o
Chip_EMC_LowPowerMode                             out/libs/lpc_chip_43xx/src/emc_18xx_43xx.o
Chip_EMC_Mirror                                   out/libs/lpc_chip_43xx/src/emc_18xx_43xx.o
Chip_EMC_Static_Init                              out/libs/lpc_chip_43xx/src/emc_18xx_43xx.o
Chip_ENET_DeInit                                  out/libs/lpc_chip_43xx/src/enet_18xx_43xx.o
Chip_ENET_Init                                    out/libs/lpc_chip_43xx/src/enet_18xx_43xx.o
Chip_ENET_SetDuplex                               out/libs/lpc_chip_43xx/src/enet_18xx_43xx.o
Chip_ENET_SetSpeed                                out/libs/lpc_chip_43xx/src/enet_18xx_43xx.o
Chip_ENET_SetupMII                                out/libs/lpc_chip_43xx/src/enet_18xx_43xx.o
Chip_ENET_StartMIIRead                            out/libs/lpc_chip_43xx/src/enet_18xx_43xx.o
Chip_ENET_StartMIIWrite                           out/libs/lpc_chip_43xx/src/enet_18xx_43xx.o
Chip_EVRT_ConfigIntSrcActiveType                  out/libs/lpc_chip_43xx/src/evrt_18xx_43xx.o
Chip_EVRT_Init                                    out/libs/lpc_chip_43xx/src/evrt_18xx_43xx.o
Chip_EVRT_IsSourceInterrupting                    out/libs/lpc_chip_43xx/src/evrt_18xx_43xx.o
Chip_EVRT_SetUpIntSrc                             out/libs/lpc_chip_43xx/src/evrt_18xx_43xx.o
Chip_GPDMA_ChannelCmd                             out/libs/lpc_chip_43xx/src/gpdma_18xx_43xx.o
Chip_GPDMA_ClearIntPending                        out/libs/lpc_chip_43xx/src/gpdma_18xx_43xx.o
Chip_GPDMA_DeInit                                 out/libs/lpc_chip_43xx/src/gpdma_18xx_43xx.o
Chip_GPDMA_GetFreeChannel                         out/libs/lpc_chip_43xx/src/gpdma_18xx_43xx.o
Chip_GPDMA_Init                                   out/libs/lpc_chip_43xx/src/gpdma_18xx_43xx.o
Chip_GPDMA_InitChannelCfg                         out/libs/lpc_chip_43xx/src/gpdma_18xx_43xx.o
Chip_GPDMA_IntGetStatus                           out/libs/lpc_chip_43xx/src/gpdma_18xx_43xx.o
Chip_GPDMA_Interrupt                              out/libs/lpc_chip_43xx/src/gpdma_18xx_43xx.o
Chip_GPDMA_PrepareDescriptor                      out/libs/lpc_chip_43xx/src/gpdma_18xx_43xx.o
Chip_GPDMA_SGTransfer                             out/libs/lpc_chip_43xx/src/gpdma_18xx_43xx.o
Chip_GPDMA_Stop                                   out/libs/lpc_chip_43xx/src/gpdma_18xx_43xx.o
Chip_GPDMA_Transfer                               out/libs/lpc_chip_43xx/src/gpdma_18xx_43xx.o
Chip_GPIO_DeInit                                  out/libs/lpc_chip_43xx/src/gpio_18xx_43xx.o
Chip_GPIO_Init                                    out/libs/lpc_chip_43xx/src/gpio_18xx_43xx.o
                                                  out/libs/sapi/src/sapi_gpio.o
                                                  out/libs/lpc_board_ciaa_edu_4337/src/board.o
Chip_GPIO_SetDir                                  out/libs/lpc_chip_43xx/src/gpio_18xx_43xx.o
                                                  out/libs/sapi/src/sapi_gpio.o
Chip_GPIO_SetPinDIR                               out/libs/lpc_chip_43xx/src/gpio_18xx_43xx.o
Chip_GPIO_SetPortDIR                              out/libs/lpc_chip_43xx/src/gpio_18xx_43xx.o
Chip_GPIO_WriteDirBit                             out/libs/lpc_chip_43xx/src/gpio_18xx_43xx.o
Chip_HSADC_DeInit                                 out/libs/lpc_chip_43xx/src/hsadc_18xx_43xx.o
Chip_HSADC_Init                                   out/libs/lpc_chip_43xx/src/hsadc_18xx_43xx.o
Chip_HSADC_SetACDCBias                            out/libs/lpc_chip_43xx/src/hsadc_18xx_43xx.o
Chip_HSADC_SetPowerSpeed                          out/libs/lpc_chip_43xx/src/hsadc_18xx_43xx.o
Chip_HSADC_SetSpeed                               out/libs/lpc_chip_43xx/src/hsadc_18xx_43xx.o
Chip_HSADC_SetThrHighValue                        out/libs/lpc_chip_43xx/src/hsadc_18xx_43xx.o
Chip_HSADC_SetThrLowValue                         out/libs/lpc_chip_43xx/src/hsadc_18xx_43xx.o
Chip_HSADC_SetupFIFO                              out/libs/lpc_chip_43xx/src/hsadc_18xx_43xx.o
Chip_I2CM_DeInit                                  out/libs/lpc_chip_43xx/src/i2cm_18xx_43xx.o
Chip_I2CM_Init                                    out/libs/lpc_chip_43xx/src/i2cm_18xx_43xx.o
Chip_I2CM_Read                                    out/libs/lpc_chip_43xx/src/i2cm_18xx_43xx.o
Chip_I2CM_SetBusSpeed                             out/libs/lpc_chip_43xx/src/i2cm_18xx_43xx.o
Chip_I2CM_Write                                   out/libs/lpc_chip_43xx/src/i2cm_18xx_43xx.o
Chip_I2CM_Xfer                                    out/libs/lpc_chip_43xx/src/i2cm_18xx_43xx.o
Chip_I2CM_XferBlocking                            out/libs/lpc_chip_43xx/src/i2cm_18xx_43xx.o
                                                  out/libs/sapi/src/sapi_i2c.o
Chip_I2CM_XferHandler                             out/libs/lpc_chip_43xx/src/i2cm_18xx_43xx.o
Chip_I2C_DeInit                                   out/libs/lpc_chip_43xx/src/i2c_18xx_43xx.o
Chip_I2C_Disable                                  out/libs/lpc_chip_43xx/src/i2c_18xx_43xx.o
Chip_I2C_EventHandler                             out/libs/lpc_chip_43xx/src/i2c_18xx_43xx.o
Chip_I2C_EventHandlerPolling                      out/libs/lpc_chip_43xx/src/i2c_18xx_43xx.o
                                                  out/libs/sapi/src/sapi_i2c.o
Chip_I2C_GetClockRate                             out/libs/lpc_chip_43xx/src/i2c_18xx_43xx.o
Chip_I2C_GetMasterEventHandler                    out/libs/lpc_chip_43xx/src/i2c_18xx_43xx.o
Chip_I2C_Init                                     out/libs/lpc_chip_43xx/src/i2c_18xx_43xx.o
                                                  out/libs/sapi/src/sapi_i2c.o
Chip_I2C_IsMasterActive                           out/libs/lpc_chip_43xx/src/i2c_18xx_43xx.o
Chip_I2C_IsStateChanged                           out/libs/lpc_chip_43xx/src/i2c_18xx_43xx.o
Chip_I2C_MasterCmdRead                            out/libs/lpc_chip_43xx/src/i2c_18xx_43xx.o
Chip_I2C_MasterRead                               out/libs/lpc_chip_43xx/src/i2c_18xx_43xx.o
Chip_I2C_MasterSend                               out/libs/lpc_chip_43xx/src/i2c_18xx_43xx.o
Chip_I2C_MasterStateHandler                       out/libs/lpc_chip_43xx/src/i2c_18xx_43xx.o
Chip_I2C_MasterTransfer                           out/libs/lpc_chip_43xx/src/i2c_18xx_43xx.o
Chip_I2C_SetClockRate                             out/libs/lpc_chip_43xx/src/i2c_18xx_43xx.o
                                                  out/libs/sapi/src/sapi_i2c.o
Chip_I2C_SetMasterEventHandler                    out/libs/lpc_chip_43xx/src/i2c_18xx_43xx.o
                                                  out/libs/sapi/src/sapi_i2c.o
Chip_I2C_SlaveSetup                               out/libs/lpc_chip_43xx/src/i2c_18xx_43xx.o
Chip_I2C_SlaveStateHandler                        out/libs/lpc_chip_43xx/src/i2c_18xx_43xx.o
Chip_I2S_DMA_RxCmd                                out/libs/lpc_chip_43xx/src/i2s_18xx_43xx.o
Chip_I2S_DMA_TxCmd                                out/libs/lpc_chip_43xx/src/i2s_18xx_43xx.o
Chip_I2S_DeInit                                   out/libs/lpc_chip_43xx/src/i2s_18xx_43xx.o
Chip_I2S_Init                                     out/libs/lpc_chip_43xx/src/i2s_18xx_43xx.o
Chip_I2S_Int_RxCmd                                out/libs/lpc_chip_43xx/src/i2s_18xx_43xx.o
Chip_I2S_Int_TxCmd                                out/libs/lpc_chip_43xx/src/i2s_18xx_43xx.o
Chip_I2S_RxConfig                                 out/libs/lpc_chip_43xx/src/i2s_18xx_43xx.o
Chip_I2S_TxConfig                                 out/libs/lpc_chip_43xx/src/i2s_18xx_43xx.o
Chip_IAP_BlankCheckSector                         out/libs/lpc_chip_43xx/src/iap_18xx_43xx.o
Chip_IAP_Compare                                  out/libs/lpc_chip_43xx/src/iap_18xx_43xx.o
Chip_IAP_CopyRamToFlash                           out/libs/lpc_chip_43xx/src/iap_18xx_43xx.o
Chip_IAP_ErasePage                                out/libs/lpc_chip_43xx/src/iap_18xx_43xx.o
Chip_IAP_EraseSector                              out/libs/lpc_chip_43xx/src/iap_18xx_43xx.o
Chip_IAP_PreSectorForReadWrite                    out/libs/lpc_chip_43xx/src/iap_18xx_43xx.o
Chip_IAP_ReadBootCode                             out/libs/lpc_chip_43xx/src/iap_18xx_43xx.o
Chip_IAP_ReadPID                                  out/libs/lpc_chip_43xx/src/iap_18xx_43xx.o
Chip_IAP_ReadUID                                  out/libs/lpc_chip_43xx/src/iap_18xx_43xx.o
Chip_IAP_ReinvokeISP                              out/libs/lpc_chip_43xx/src/iap_18xx_43xx.o
Chip_IAP_SetBootFlashBank                         out/libs/lpc_chip_43xx/src/iap_18xx_43xx.o
Chip_LCD_Cursor_Config                            out/libs/lpc_chip_43xx/src/lcd_18xx_43xx.o
Chip_LCD_Cursor_WriteImage                        out/libs/lpc_chip_43xx/src/lcd_18xx_43xx.o
Chip_LCD_DeInit                                   out/libs/lpc_chip_43xx/src/lcd_18xx_43xx.o
Chip_LCD_Init                                     out/libs/lpc_chip_43xx/src/lcd_18xx_43xx.o
Chip_LCD_LoadPalette                              out/libs/lpc_chip_43xx/src/lcd_18xx_43xx.o
Chip_OTP_GenRand                                  out/libs/lpc_chip_43xx/src/otp_18xx_43xx.o
Chip_OTP_Init                                     out/libs/lpc_chip_43xx/src/otp_18xx_43xx.o
Chip_OTP_ProgBootSrc                              out/libs/lpc_chip_43xx/src/otp_18xx_43xx.o
Chip_OTP_ProgGPWord                               out/libs/lpc_chip_43xx/src/otp_18xx_43xx.o
Chip_OTP_ProgJTAGDis                              out/libs/lpc_chip_43xx/src/otp_18xx_43xx.o
Chip_OTP_ProgKey                                  out/libs/lpc_chip_43xx/src/otp_18xx_43xx.o
Chip_OTP_ProgUSBID                                out/libs/lpc_chip_43xx/src/otp_18xx_43xx.o
Chip_PMC_Set_PwrState                             out/libs/lpc_chip_43xx/src/pmc_18xx_43xx.o
Chip_PMC_Sleep                                    out/libs/lpc_chip_43xx/src/pmc_18xx_43xx.o
Chip_RIT_DeInit                                   out/libs/lpc_chip_43xx/src/ritimer_18xx_43xx.o
Chip_RIT_GetIntStatus                             out/libs/lpc_chip_43xx/src/ritimer_18xx_43xx.o
Chip_RIT_Init                                     out/libs/lpc_chip_43xx/src/ritimer_18xx_43xx.o
Chip_RIT_SetTimerInterval                         out/libs/lpc_chip_43xx/src/ritimer_18xx_43xx.o
Chip_RTC_AlarmIntConfig                           out/libs/lpc_chip_43xx/src/rtc_18xx_43xx.o
Chip_RTC_CalibCounterCmd                          out/libs/lpc_chip_43xx/src/rtc_18xx_43xx.o
Chip_RTC_CntIncrIntConfig                         out/libs/lpc_chip_43xx/src/rtc_18xx_43xx.o
Chip_RTC_DeInit                                   out/libs/lpc_chip_43xx/src/rtc_18xx_43xx.o
Chip_RTC_EV_GetFirstTimeStamp                     out/libs/lpc_chip_43xx/src/rtc_18xx_43xx.o
Chip_RTC_EV_GetLastTimeStamp                      out/libs/lpc_chip_43xx/src/rtc_18xx_43xx.o
Chip_RTC_Enable                                   out/libs/lpc_chip_43xx/src/rtc_18xx_43xx.o
                                                  out/libs/sapi/src/sapi_rtc.o
Chip_RTC_GetFullAlarmTime                         out/libs/lpc_chip_43xx/src/rtc_18xx_43xx.o
Chip_RTC_GetFullTime                              out/libs/lpc_chip_43xx/src/rtc_18xx_43xx.o
                                                  out/libs/sapi/src/sapi_rtc.o
Chip_RTC_Init                                     out/libs/lpc_chip_43xx/src/rtc_18xx_43xx.o
                                                  out/libs/sapi/src/sapi_rtc.o
Chip_RTC_ResetClockTickCounter                    out/libs/lpc_chip_43xx/src/rtc_18xx_43xx.o
Chip_RTC_SetFullAlarmTime                         out/libs/lpc_chip_43xx/src/rtc_18xx_43xx.o
Chip_RTC_SetFullTime                              out/libs/lpc_chip_43xx/src/rtc_18xx_43xx.o
                                                  out/libs/sapi/src/sapi_rtc.o
Chip_SCTPWM_SetOutPin                             out/libs/lpc_chip_43xx/src/sct_pwm_18xx_43xx.o
                                                  out/libs/sapi/src/sapi_sct.o
Chip_SCTPWM_SetRate                               out/libs/lpc_chip_43xx/src/sct_pwm_18xx_43xx.o
                                                  out/libs/sapi/src/sapi_sct.o
Chip_SCT_DeInit                                   out/libs/lpc_chip_43xx/src/sct_18xx_43xx.o
Chip_SCT_Init                                     out/libs/lpc_chip_43xx/src/sct_18xx_43xx.o
                                                  out/libs/sapi/src/sapi_sct.o
Chip_SCT_SetClrControl                            out/libs/lpc_chip_43xx/src/sct_18xx_43xx.o
Chip_SCT_SetConflictResolution                    out/libs/lpc_chip_43xx/src/sct_18xx_43xx.o
Chip_SDIF_DeInit                                  out/libs/lpc_chip_43xx/src/sdif_18xx_43xx.o
Chip_SDIF_DmaSetup                                out/libs/lpc_chip_43xx/src/sdif_18xx_43xx.o
                                                  out/libs/lpc_chip_43xx/src/sdmmc_18xx_43xx.o
                                                  out/libs/lpc_chip_43xx/src/sdio_18xx_43xx.o
Chip_SDIF_GetResponse                             out/libs/lpc_chip_43xx/src/sdif_18xx_43xx.o
                                                  out/libs/lpc_chip_43xx/src/sdmmc_18xx_43xx.o
                                                  out/libs/lpc_chip_43xx/src/sdio_18xx_43xx.o
Chip_SDIF_Init                                    out/libs/lpc_chip_43xx/src/sdif_18xx_43xx.o
Chip_SDIF_SendCmd                                 out/libs/lpc_chip_43xx/src/sdif_18xx_43xx.o
                                                  out/libs/lpc_chip_43xx/src/sdmmc_18xx_43xx.o
                                                  out/libs/lpc_chip_43xx/src/sdio_18xx_43xx.o
Chip_SDIF_SetClearIntFifo                         out/libs/lpc_chip_43xx/src/sdif_18xx_43xx.o
                                                  out/libs/lpc_chip_43xx/src/sdmmc_18xx_43xx.o
Chip_SDIF_SetClock                                out/libs/lpc_chip_43xx/src/sdif_18xx_43xx.o
                                                  out/libs/lpc_chip_43xx/src/sdmmc_18xx_43xx.o
                                                  out/libs/lpc_chip_43xx/src/sdio_18xx_43xx.o
Chip_SDMMC_Acquire                                out/libs/lpc_chip_43xx/src/sdmmc_18xx_43xx.o
Chip_SDMMC_GetDeviceBlocks                        out/libs/lpc_chip_43xx/src/sdmmc_18xx_43xx.o
Chip_SDMMC_GetDeviceSize                          out/libs/lpc_chip_43xx/src/sdmmc_18xx_43xx.o
Chip_SDMMC_GetState                               out/libs/lpc_chip_43xx/src/sdmmc_18xx_43xx.o
Chip_SDMMC_ReadBlocks                             out/libs/lpc_chip_43xx/src/sdmmc_18xx_43xx.o
Chip_SDMMC_WriteBlocks                            out/libs/lpc_chip_43xx/src/sdmmc_18xx_43xx.o
Chip_SPI_DeInit                                   out/libs/lpc_chip_43xx/src/spi_18xx_43xx.o
Chip_SPI_Init                                     out/libs/lpc_chip_43xx/src/spi_18xx_43xx.o
Chip_SPI_Int_FlushData                            out/libs/lpc_chip_43xx/src/spi_18xx_43xx.o
Chip_SPI_Int_RWFrames                             out/libs/lpc_chip_43xx/src/spi_18xx_43xx.o
Chip_SPI_Int_RWFrames16Bits                       out/libs/lpc_chip_43xx/src/spi_18xx_43xx.o
Chip_SPI_Int_RWFrames8Bits                        out/libs/lpc_chip_43xx/src/spi_18xx_43xx.o
Chip_SPI_RWFrames_Blocking                        out/libs/lpc_chip_43xx/src/spi_18xx_43xx.o
Chip_SPI_SetBitRate                               out/libs/lpc_chip_43xx/src/spi_18xx_43xx.o
Chip_SSP_DeInit                                   out/libs/lpc_chip_43xx/src/ssp_18xx_43xx.o
Chip_SSP_Init                                     out/libs/lpc_chip_43xx/src/ssp_18xx_43xx.o
Chip_SSP_Int_FlushData                            out/libs/lpc_chip_43xx/src/ssp_18xx_43xx.o
Chip_SSP_Int_RWFrames16Bits                       out/libs/lpc_chip_43xx/src/ssp_18xx_43xx.o
Chip_SSP_Int_RWFrames8Bits                        out/libs/lpc_chip_43xx/src/ssp_18xx_43xx.o
Chip_SSP_RWFrames_Blocking                        out/libs/lpc_chip_43xx/src/ssp_18xx_43xx.o
Chip_SSP_ReadFrames_Blocking                      out/libs/lpc_chip_43xx/src/ssp_18xx_43xx.o
Chip_SSP_SetBitRate                               out/libs/lpc_chip_43xx/src/ssp_18xx_43xx.o
Chip_SSP_SetClockRate                             out/libs/lpc_chip_43xx/src/ssp_18xx_43xx.o
Chip_SSP_SetMaster                                out/libs/lpc_chip_43xx/src/ssp_18xx_43xx.o
Chip_SSP_WriteFrames_Blocking                     out/libs/lpc_chip_43xx/src/ssp_18xx_43xx.o
Chip_SetupCoreClock                               out/libs/lpc_chip_43xx/src/sysinit_18xx_43xx.o
                                                  out/libs/lpc_board_ciaa_edu_4337/src/board_sysinit.o
Chip_SetupIrcClocking                             out/libs/lpc_chip_43xx/src/sysinit_18xx_43xx.o
Chip_SetupXtalClocking                            out/libs/lpc_chip_43xx/src/sysinit_18xx_43xx.o
Chip_SystemInit                                   out/libs/lpc_chip_43xx/src/sysinit_18xx_43xx.o
Chip_TIMER_DeInit                                 out/libs/lpc_chip_43xx/src/timer_18xx_43xx.o
                                                  out/libs/sapi/src/sapi_timer.o
Chip_TIMER_ExtMatchControlSet                     out/libs/lpc_chip_43xx/src/timer_18xx_43xx.o
Chip_TIMER_Init                                   out/libs/lpc_chip_43xx/src/timer_18xx_43xx.o
                                                  out/libs/sapi/src/sapi_timer.o
                                                  out/libs/lpc_chip_43xx/src/stopwatch_18xx_43xx.o
Chip_TIMER_Reset                                  out/libs/lpc_chip_43xx/src/timer_18xx_43xx.o
                                                  out/libs/sapi/src/sapi_timer.o
Chip_UART_ABCmd                                   out/libs/lpc_chip_43xx/src/uart_18xx_43xx.o
Chip_UART_CheckBusy                               out/libs/lpc_chip_43xx/src/uart_18xx_43xx.o
Chip_UART_DeInit                                  out/libs/lpc_chip_43xx/src/uart_18xx_43xx.o
Chip_UART_GetABEOStatus                           out/libs/lpc_chip_43xx/src/uart_18xx_43xx.o
Chip_UART_IRQRBHandler                            out/libs/lpc_chip_43xx/src/uart_18xx_43xx.o
Chip_UART_Init                                    out/libs/lpc_chip_43xx/src/uart_18xx_43xx.o
                                                  out/libs/sapi/src/sapi_uart.o
                                                  out/libs/lpc_board_ciaa_edu_4337/src/board.o
Chip_UART_RXIntHandlerRB                          out/libs/lpc_chip_43xx/src/uart_18xx_43xx.o
Chip_UART_Read                                    out/libs/lpc_chip_43xx/src/uart_18xx_43xx.o
Chip_UART_ReadBlocking                            out/libs/lpc_chip_43xx/src/uart_18xx_43xx.o
Chip_UART_ReadRB                                  out/libs/lpc_chip_43xx/src/uart_18xx_43xx.o
Chip_UART_Send                                    out/libs/lpc_chip_43xx/src/uart_18xx_43xx.o
Chip_UART_SendBlocking                            out/libs/lpc_chip_43xx/src/uart_18xx_43xx.o
Chip_UART_SendRB                                  out/libs/lpc_chip_43xx/src/uart_18xx_43xx.o
Chip_UART_SetBaud                                 out/libs/lpc_chip_43xx/src/uart_18xx_43xx.o
                                                  out/libs/sapi/src/sapi_uart.o
Chip_UART_SetBaudFDR                              out/libs/lpc_chip_43xx/src/uart_18xx_43xx.o
                                                  out/libs/lpc_board_ciaa_edu_4337/src/board.o
Chip_UART_TXIntHandlerRB                          out/libs/lpc_chip_43xx/src/uart_18xx_43xx.o
Chip_USB0_Init                                    out/libs/lpc_chip_43xx/src/chip_18xx_43xx.o
Chip_USB1_Init                                    out/libs/lpc_chip_43xx/src/chip_18xx_43xx.o
Chip_WWDT_ClearStatusFlag                         out/libs/lpc_chip_43xx/src/wwdt_18xx_43xx.o
Chip_WWDT_DeInit                                  out/libs/lpc_chip_43xx/src/wwdt_18xx_43xx.o
Chip_WWDT_Init                                    out/libs/lpc_chip_43xx/src/wwdt_18xx_43xx.o
DAC_IRQHandler                                    out/libs/lpc_board_ciaa_edu_4337/src/cr_startup_lpc43xx.o
DMA_IRQHandler                                    out/libs/lpc_board_ciaa_edu_4337/src/cr_startup_lpc43xx.o
DebugMon_Handler                                  out/libs/lpc_board_ciaa_edu_4337/src/cr_startup_lpc43xx.o
ETH_IRQHandler                                    out/libs/lpc_board_ciaa_edu_4337/src/cr_startup_lpc43xx.o
EVRT_IRQHandler                                   out/libs/lpc_board_ciaa_edu_4337/src/cr_startup_lpc43xx.o
ExtRateIn                                         out/libs/lpc_board_ciaa_edu_4337/src/board.o
                                                  out/libs/lpc_chip_43xx/src/clock_18xx_43xx.o
FLASH_EEPROM_IRQHandler                           out/libs/lpc_board_ciaa_edu_4337/src/cr_startup_lpc43xx.o
GINT0_IRQHandler                                  out/libs/lpc_board_ciaa_edu_4337/src/cr_startup_lpc43xx.o
GINT1_IRQHandler                                  out/libs/lpc_board_ciaa_edu_4337/src/cr_startup_lpc43xx.o
GPIO0_IRQHandler                                  out/libs/lpc_board_ciaa_edu_4337/src/cr_startup_lpc43xx.o
GPIO1_IRQHandler                                  out/libs/lpc_board_ciaa_edu_4337/src/cr_startup_lpc43xx.o
GPIO2_IRQHandler                                  out/libs/lpc_board_ciaa_edu_4337/src/cr_startup_lpc43xx.o
GPIO3_IRQHandler                                  out/libs/lpc_board_ciaa_edu_4337/src/cr_startup_lpc43xx.o
GPIO4_IRQHandler                                  out/libs/lpc_board_ciaa_edu_4337/src/cr_startup_lpc43xx.o
GPIO5_IRQHandler                                  out/libs/lpc_board_ciaa_edu_4337/src/cr_startup_lpc43xx.o
GPIO6_IRQHandler                                  out/libs/lpc_board_ciaa_edu_4337/src/cr_startup_lpc43xx.o
GPIO7_IRQHandler                                  out/libs/lpc_board_ciaa_edu_4337/src/cr_startup_lpc43xx.o
HardFault_Handler                                 out/libs/lpc_board_ciaa_edu_4337/src/cr_startup_lpc43xx.o
I2C0_IRQHandler                                   out/libs/lpc_board_ciaa_edu_4337/src/cr_startup_lpc43xx.o
I2C1_IRQHandler                                   out/libs/lpc_board_ciaa_edu_4337/src/cr_startup_lpc43xx.o
I2S0_IRQHandler                                   out/libs/lpc_board_ciaa_edu_4337/src/cr_startup_lpc43xx.o
I2S1_IRQHandler                                   out/libs/lpc_board_ciaa_edu_4337/src/cr_startup_lpc43xx.o
InicializarMEF                                    out/app/src/program.o